<html>
<body>
<pre>
<h1>µVision Build Log</h1>
<h2>Tool Versions:</h2>
IDE-Version: µVision V5.38.0.0
Copyright (C) 2022 ARM Ltd and ARM Germany GmbH. All rights reserved.
License Information: Manh Tran, HUST, LIC=P6F5U-SBYRL-5BWEB-2TF68-A1NV9-53PG2
 
Tool Versions:
Toolchain:       MDK-ARM Professional  Version: 5.38.0.0
Toolchain Path:  M:\Keil C\ARM\ARMCLANG\Bin
C Compiler:      ArmClang.exe V6.19
Assembler:       Armasm.exe V6.19
Linker/Locator:  ArmLink.exe V6.19
Library Manager: ArmAr.exe V6.19
Hex Converter:   FromElf.exe V6.19
CPU DLL:         SARMCM3.DLL V5.38.0.0
Dialog DLL:      DCM.DLL V1.17.5.0
Target DLL:      STLink\ST-LINKIII-KEIL_SWO.dll V3.1.0.0
Dialog DLL:      TCM.DLL V1.56.4.0
 
<h2>Project:</h2>
C:\Users\Admin\Desktop\Project120324\Project120324\TuPhanLoai_Application\TuPhanLoai_Application\MDK-ARM\TuPhanLoai_Application.uvprojx
Project File Date:  04/15/2024

<h2>Output:</h2>
*** Using Compiler 'V6.19', folder: 'M:\Keil C\ARM\ARMCLANG\Bin'
Build target 'TuPhanLoai_Application'
compiling main.c...
linking...
Program Size: Code=15402 RO-data=326 RW-data=16 ZI-data=2176  
FromELF: creating hex file...
"TuPhanLoai_Application\TuPhanLoai_Application.axf" - 0 Error(s), 0 Warning(s).

<h2>Software Packages used:</h2>

Package Vendor: ARM
                http://www.keil.com/pack/ARM.CMSIS.5.9.0.pack
                ARM.CMSIS.5.9.0
                CMSIS (Common Microcontroller Software Interface Standard)
   * Component: CORE Version: 5.6.0

Package Vendor: Keil
                https://www.keil.com/pack/Keil.STM32F1xx_DFP.2.4.1.pack
                Keil.STM32F1xx_DFP.2.4.1
                STMicroelectronics STM32F1 Series Device Support, Drivers and Examples

<h2>Collection of Component include folders:</h2>
  ./RTE/_TuPhanLoai_Application
  M:/Keil C Pack/ARM/CMSIS/5.9.0/CMSIS/Core/Include
  M:/Keil C Pack/Keil/STM32F1xx_DFP/2.4.1/Device/Include

<h2>Collection of Component Files used:</h2>

   * Component: ARM::CMSIS:CORE:5.6.0
      Include file:  CMSIS/Core/Include/tz_context.h
Build Time Elapsed:  00:00:01
</pre>
</body>
</html>
