Component: Arm Compiler for Embedded 6.19 Tool: armlink [5e73cb00]

==============================================================================

Section Cross References

    startup_stm32f103xb.o(STACK) refers (Special) to heapauxi.o(.text) for __use_two_region_memory
    startup_stm32f103xb.o(HEAP) refers (Special) to heapauxi.o(.text) for __use_two_region_memory
    startup_stm32f103xb.o(RESET) refers (Special) to heapauxi.o(.text) for __use_two_region_memory
    startup_stm32f103xb.o(RESET) refers to startup_stm32f103xb.o(STACK) for __initial_sp
    startup_stm32f103xb.o(RESET) refers to startup_stm32f103xb.o(.text) for Reset_Handler
    startup_stm32f103xb.o(RESET) refers to stm32f1xx_it.o(.text.NMI_Handler) for NMI_Handler
    startup_stm32f103xb.o(RESET) refers to stm32f1xx_it.o(.text.HardFault_Handler) for HardFault_Handler
    startup_stm32f103xb.o(RESET) refers to stm32f1xx_it.o(.text.MemManage_Handler) for MemManage_Handler
    startup_stm32f103xb.o(RESET) refers to stm32f1xx_it.o(.text.BusFault_Handler) for BusFault_Handler
    startup_stm32f103xb.o(RESET) refers to stm32f1xx_it.o(.text.UsageFault_Handler) for UsageFault_Handler
    startup_stm32f103xb.o(RESET) refers to stm32f1xx_it.o(.text.SVC_Handler) for SVC_Handler
    startup_stm32f103xb.o(RESET) refers to stm32f1xx_it.o(.text.DebugMon_Handler) for DebugMon_Handler
    startup_stm32f103xb.o(RESET) refers to stm32f1xx_it.o(.text.PendSV_Handler) for PendSV_Handler
    startup_stm32f103xb.o(RESET) refers to stm32f1xx_it.o(.text.SysTick_Handler) for SysTick_Handler
    startup_stm32f103xb.o(RESET) refers to stm32f1xx_it.o(.text.DMA1_Channel5_IRQHandler) for DMA1_Channel5_IRQHandler
    startup_stm32f103xb.o(RESET) refers to stm32f1xx_it.o(.text.TIM3_IRQHandler) for TIM3_IRQHandler
    startup_stm32f103xb.o(RESET) refers to stm32f1xx_it.o(.text.USART1_IRQHandler) for USART1_IRQHandler
    startup_stm32f103xb.o(.text) refers (Special) to heapauxi.o(.text) for __use_two_region_memory
    startup_stm32f103xb.o(.text) refers to system_stm32f1xx.o(.text.SystemInit) for SystemInit
    startup_stm32f103xb.o(.text) refers to __main.o(!!!main) for __main
    startup_stm32f103xb.o(.text) refers to startup_stm32f103xb.o(HEAP) for Heap_Mem
    startup_stm32f103xb.o(.text) refers to startup_stm32f103xb.o(STACK) for Stack_Mem
    main.o(.text.HAL_UART_RxCpltCallback) refers to stm32f1xx_hal_uart.o(.text.HAL_UART_Receive_IT) for HAL_UART_Receive_IT
    main.o(.text.HAL_UART_RxCpltCallback) refers to main.o(.bss..L_MergedGlobals.3) for [Anonymous Symbol]
    main.o(.text.HAL_UART_RxCpltCallback) refers to main.o(.bss..L_MergedGlobals) for [Anonymous Symbol]
    main.o(.ARM.exidx.text.HAL_UART_RxCpltCallback) refers to main.o(.text.HAL_UART_RxCpltCallback) for [Anonymous Symbol]
    main.o(.text.main) refers to stm32f1xx_hal.o(.text.HAL_Init) for HAL_Init
    main.o(.text.main) refers to stm32f1xx_hal.o(.text.HAL_GetTick) for HAL_GetTick
    main.o(.text.main) refers to main.o(.text.SystemClock_Config) for SystemClock_Config
    main.o(.text.main) refers to stm32f1xx_hal_gpio.o(.text.HAL_GPIO_WritePin) for HAL_GPIO_WritePin
    main.o(.text.main) refers to stm32f1xx_hal_cortex.o(.text.HAL_NVIC_SetPriority) for HAL_NVIC_SetPriority
    main.o(.text.main) refers to stm32f1xx_hal_cortex.o(.text.HAL_NVIC_EnableIRQ) for HAL_NVIC_EnableIRQ
    main.o(.text.main) refers to stm32f1xx_hal_uart.o(.text.HAL_UART_Init) for HAL_UART_Init
    main.o(.text.main) refers to stm32f1xx_hal_tim.o(.text.HAL_TIM_PWM_Init) for HAL_TIM_PWM_Init
    main.o(.text.main) refers to stm32f1xx_hal_tim_ex.o(.text.HAL_TIMEx_MasterConfigSynchronization) for HAL_TIMEx_MasterConfigSynchronization
    main.o(.text.main) refers to stm32f1xx_hal_tim.o(.text.HAL_TIM_PWM_ConfigChannel) for HAL_TIM_PWM_ConfigChannel
    main.o(.text.main) refers to rt_memclr_w.o(.text) for __aeabi_memclr4
    main.o(.text.main) refers to stm32f1xx_hal_tim_ex.o(.text.HAL_TIMEx_ConfigBreakDeadTime) for HAL_TIMEx_ConfigBreakDeadTime
    main.o(.text.main) refers to stm32f1xx_hal_msp.o(.text.HAL_TIM_MspPostInit) for HAL_TIM_MspPostInit
    main.o(.text.main) refers to stm32f1xx_hal_adc.o(.text.HAL_ADC_Init) for HAL_ADC_Init
    main.o(.text.main) refers to stm32f1xx_hal_adc.o(.text.HAL_ADC_ConfigChannel) for HAL_ADC_ConfigChannel
    main.o(.text.main) refers to bsp_step.o(.text.STEP_GPIO_Init) for STEP_GPIO_Init
    main.o(.text.main) refers to bsp_step.o(.text.STEP_PUL_Init) for STEP_PUL_Init
    main.o(.text.main) refers to bsp_step.o(.text.set_StepRotateAngle) for set_StepRotateAngle
    main.o(.text.main) refers to bsp_step.o(.text.change_StepDirect) for change_StepDirect
    main.o(.text.main) refers to bts7960_driver.o(.text.DC_Driver_PWM_Init) for DC_Driver_PWM_Init
    main.o(.text.main) refers to bts7960_driver.o(.text.DC_Driver_SetDir) for DC_Driver_SetDir
    main.o(.text.main) refers to bts7960_driver.o(.text.DC_Driver_SetSpeed) for DC_Driver_SetSpeed
[...]
    OUTLINED_FUNCTION_1                      0x08001ef3   Thumb Code    46  stm32f1xx_hal_tim.o(.text.OUTLINED_FUNCTION_1)
    [Anonymous Symbol]                       0x08001ef2   Section        0  stm32f1xx_hal_tim.o(.text.OUTLINED_FUNCTION_1)
    OUTLINED_FUNCTION_1                      0x08001f21   Thumb Code    20  stm32f1xx_hal_uart.o(.text.OUTLINED_FUNCTION_1)
    [Anonymous Symbol]                       0x08001f20   Section        0  stm32f1xx_hal_uart.o(.text.OUTLINED_FUNCTION_1)
    OUTLINED_FUNCTION_1                      0x08001f35   Thumb Code    10  led5050.o(.text.OUTLINED_FUNCTION_1)
    [Anonymous Symbol]                       0x08001f34   Section        0  led5050.o(.text.OUTLINED_FUNCTION_1)
    OUTLINED_FUNCTION_10                     0x08001f3f   Thumb Code    20  stm32f1xx_hal_uart.o(.text.OUTLINED_FUNCTION_10)
    [Anonymous Symbol]                       0x08001f3e   Section        0  stm32f1xx_hal_uart.o(.text.OUTLINED_FUNCTION_10)
    OUTLINED_FUNCTION_11                     0x08001f53   Thumb Code    10  stm32f1xx_hal_tim.o(.text.OUTLINED_FUNCTION_11)
    [Anonymous Symbol]                       0x08001f52   Section        0  stm32f1xx_hal_tim.o(.text.OUTLINED_FUNCTION_11)
    OUTLINED_FUNCTION_11                     0x08001f5d   Thumb Code    20  stm32f1xx_hal_uart.o(.text.OUTLINED_FUNCTION_11)
    [Anonymous Symbol]                       0x08001f5c   Section        0  stm32f1xx_hal_uart.o(.text.OUTLINED_FUNCTION_11)
    OUTLINED_FUNCTION_12                     0x08001f71   Thumb Code    18  stm32f1xx_hal_tim.o(.text.OUTLINED_FUNCTION_12)
    [Anonymous Symbol]                       0x08001f70   Section        0  stm32f1xx_hal_tim.o(.text.OUTLINED_FUNCTION_12)
    OUTLINED_FUNCTION_16                     0x08001f83   Thumb Code     8  stm32f1xx_hal_uart.o(.text.OUTLINED_FUNCTION_16)
    [Anonymous Symbol]                       0x08001f82   Section        0  stm32f1xx_hal_uart.o(.text.OUTLINED_FUNCTION_16)
    OUTLINED_FUNCTION_17                     0x08001f8b   Thumb Code    10  stm32f1xx_hal_uart.o(.text.OUTLINED_FUNCTION_17)
    [Anonymous Symbol]                       0x08001f8a   Section        0  stm32f1xx_hal_uart.o(.text.OUTLINED_FUNCTION_17)
    OUTLINED_FUNCTION_19                     0x08001f95   Thumb Code     6  stm32f1xx_hal_tim.o(.text.OUTLINED_FUNCTION_19)
    [Anonymous Symbol]                       0x08001f94   Section        0  stm32f1xx_hal_tim.o(.text.OUTLINED_FUNCTION_19)
    OUTLINED_FUNCTION_2                      0x08001f9b   Thumb Code     6  main.o(.text.OUTLINED_FUNCTION_2)
    [Anonymous Symbol]                       0x08001f9a   Section        0  main.o(.text.OUTLINED_FUNCTION_2)
    OUTLINED_FUNCTION_2                      0x08001fa1   Thumb Code    10  stm32f1xx_hal_adc.o(.text.OUTLINED_FUNCTION_2)
    [Anonymous Symbol]                       0x08001fa0   Section        0  stm32f1xx_hal_adc.o(.text.OUTLINED_FUNCTION_2)
    OUTLINED_FUNCTION_2                      0x08001fab   Thumb Code    10  stm32f1xx_hal_rcc.o(.text.OUTLINED_FUNCTION_2)
    [Anonymous Symbol]                       0x08001faa   Section        0  stm32f1xx_hal_rcc.o(.text.OUTLINED_FUNCTION_2)
    OUTLINED_FUNCTION_2                      0x08001fb5   Thumb Code    20  stm32f1xx_hal_uart.o(.text.OUTLINED_FUNCTION_2)
    [Anonymous Symbol]                       0x08001fb4   Section        0  stm32f1xx_hal_uart.o(.text.OUTLINED_FUNCTION_2)
    OUTLINED_FUNCTION_2                      0x08001fc9   Thumb Code    10  led5050.o(.text.OUTLINED_FUNCTION_2)
    [Anonymous Symbol]                       0x08001fc8   Section        0  led5050.o(.text.OUTLINED_FUNCTION_2)
    OUTLINED_FUNCTION_26                     0x08001fd3   Thumb Code    10  stm32f1xx_hal_tim.o(.text.OUTLINED_FUNCTION_26)
    [Anonymous Symbol]                       0x08001fd2   Section        0  stm32f1xx_hal_tim.o(.text.OUTLINED_FUNCTION_26)
    OUTLINED_FUNCTION_28                     0x08001fdd   Thumb Code    10  stm32f1xx_hal_tim.o(.text.OUTLINED_FUNCTION_28)
    [Anonymous Symbol]                       0x08001fdc   Section        0  stm32f1xx_hal_tim.o(.text.OUTLINED_FUNCTION_28)
    OUTLINED_FUNCTION_3                      0x08001fe7   Thumb Code     6  main.o(.text.OUTLINED_FUNCTION_3)
    [Anonymous Symbol]                       0x08001fe6   Section        0  main.o(.text.OUTLINED_FUNCTION_3)
    OUTLINED_FUNCTION_3                      0x08001fed   Thumb Code    18  stm32f1xx_hal_adc.o(.text.OUTLINED_FUNCTION_3)
    [Anonymous Symbol]                       0x08001fec   Section        0  stm32f1xx_hal_adc.o(.text.OUTLINED_FUNCTION_3)
    OUTLINED_FUNCTION_32                     0x08001fff   Thumb Code    20  stm32f1xx_hal_tim.o(.text.OUTLINED_FUNCTION_32)
    [Anonymous Symbol]                       0x08001ffe   Section        0  stm32f1xx_hal_tim.o(.text.OUTLINED_FUNCTION_32)
    OUTLINED_FUNCTION_4                      0x08002013   Thumb Code     8  stm32f1xx_hal_adc.o(.text.OUTLINED_FUNCTION_4)
    [Anonymous Symbol]                       0x08002012   Section        0  stm32f1xx_hal_adc.o(.text.OUTLINED_FUNCTION_4)
    OUTLINED_FUNCTION_4                      0x0800201b   Thumb Code    22  stm32f1xx_hal_uart.o(.text.OUTLINED_FUNCTION_4)
    [Anonymous Symbol]                       0x0800201a   Section        0  stm32f1xx_hal_uart.o(.text.OUTLINED_FUNCTION_4)
    OUTLINED_FUNCTION_48                     0x08002031   Thumb Code    10  stm32f1xx_hal_tim.o(.text.OUTLINED_FUNCTION_48)
    [Anonymous Symbol]                       0x08002030   Section        0  stm32f1xx_hal_tim.o(.text.OUTLINED_FUNCTION_48)
    OUTLINED_FUNCTION_5                      0x0800203b   Thumb Code    16  stm32f1xx_hal_adc.o(.text.OUTLINED_FUNCTION_5)
    [Anonymous Symbol]                       0x0800203a   Section        0  stm32f1xx_hal_adc.o(.text.OUTLINED_FUNCTION_5)
    OUTLINED_FUNCTION_5                      0x0800204b   Thumb Code     8  stm32f1xx_hal_uart.o(.text.OUTLINED_FUNCTION_5)
    [Anonymous Symbol]                       0x0800204a   Section        0  stm32f1xx_hal_uart.o(.text.OUTLINED_FUNCTION_5)
    OUTLINED_FUNCTION_51                     0x08002053   Thumb Code    16  stm32f1xx_hal_tim.o(.text.OUTLINED_FUNCTION_51)
    [Anonymous Symbol]                       0x08002052   Section        0  stm32f1xx_hal_tim.o(.text.OUTLINED_FUNCTION_51)
    OUTLINED_FUNCTION_53                     0x08002063   Thumb Code     6  stm32f1xx_hal_tim.o(.text.OUTLINED_FUNCTION_53)
    [Anonymous Symbol]                       0x08002062   Section        0  stm32f1xx_hal_tim.o(.text.OUTLINED_FUNCTION_53)
    OUTLINED_FUNCTION_6                      0x08002069   Thumb Code    14  stm32f1xx_hal_adc.o(.text.OUTLINED_FUNCTION_6)
    [Anonymous Symbol]                       0x08002068   Section        0  stm32f1xx_hal_adc.o(.text.OUTLINED_FUNCTION_6)
    OUTLINED_FUNCTION_6                      0x08002077   Thumb Code    28  stm32f1xx_hal_uart.o(.text.OUTLINED_FUNCTION_6)
    [Anonymous Symbol]                       0x08002076   Section        0  stm32f1xx_hal_uart.o(.text.OUTLINED_FUNCTION_6)
    OUTLINED_FUNCTION_62                     0x08002093   Thumb Code    10  stm32f1xx_hal_tim.o(.text.OUTLINED_FUNCTION_62)
    [Anonymous Symbol]                       0x08002092   Section        0  stm32f1xx_hal_tim.o(.text.OUTLINED_FUNCTION_62)
    OUTLINED_FUNCTION_7                      0x0800209d   Thumb Code    10  stm32f1xx_hal_adc.o(.text.OUTLINED_FUNCTION_7)
    [Anonymous Symbol]                       0x0800209c   Section        0  stm32f1xx_hal_adc.o(.text.OUTLINED_FUNCTION_7)
    OUTLINED_FUNCTION_7                      0x080020a7   Thumb Code    14  stm32f1xx_hal_tim.o(.text.OUTLINED_FUNCTION_7)
    [Anonymous Symbol]                       0x080020a6   Section        0  stm32f1xx_hal_tim.o(.text.OUTLINED_FUNCTION_7)
    OUTLINED_FUNCTION_7                      0x080020b5   Thumb Code    12  stm32f1xx_hal_uart.o(.text.OUTLINED_FUNCTION_7)
    [Anonymous Symbol]                       0x080020b4   Section        0  stm32f1xx_hal_uart.o(.text.OUTLINED_FUNCTION_7)
    OUTLINED_FUNCTION_8                      0x080020c1   Thumb Code    14  stm32f1xx_hal_adc.o(.text.OUTLINED_FUNCTION_8)
    [Anonymous Symbol]                       0x080020c0   Section        0  stm32f1xx_hal_adc.o(.text.OUTLINED_FUNCTION_8)
    OUTLINED_FUNCTION_9                      0x080020cf   Thumb Code    10  stm32f1xx_hal_tim.o(.text.OUTLINED_FUNCTION_9)
    [Anonymous Symbol]                       0x080020ce   Section        0  stm32f1xx_hal_tim.o(.text.OUTLINED_FUNCTION_9)
    [Anonymous Symbol]                       0x080020d8   Section        0  stm32f1xx_it.o(.text.PendSV_Handler)
    [Anonymous Symbol]                       0x080020dc   Section        0  sensor.o(.text.Read_ADC_Value)
    __arm_cp.1_0                             0x080021d0   Number         4  sensor.o(.text.Read_ADC_Value)
    __arm_cp.1_1                             0x080021d4   Number         4  sensor.o(.text.Read_ADC_Value)
    __arm_cp.1_2                             0x080021d8   Number         4  sensor.o(.text.Read_ADC_Value)
    __arm_cp.1_3                             0x080021dc   Number         4  sensor.o(.text.Read_ADC_Value)
    __arm_cp.1_4                             0x080021e0   Number         4  sensor.o(.text.Read_ADC_Value)
    __arm_cp.1_5                             0x080021e4   Number         4  sensor.o(.text.Read_ADC_Value)
    [Anonymous Symbol]                       0x080021e8   Section        0  sensor.o(.text.Read_Sensor)
    __arm_cp.2_0                             0x08002228   Number         4  sensor.o(.text.Read_Sensor)
    [Anonymous Symbol]                       0x0800222c   Section        0  bsp_step.o(.text.STEP_Disable)
    [Anonymous Symbol]                       0x08002238   Section        0  bsp_step.o(.text.STEP_Enable)
    __arm_cp.3_0                             0x08002244   Number         4  bsp_step.o(.text.STEP_Enable)
    [Anonymous Symbol]                       0x08002248   Section        0  bsp_step.o(.text.STEP_GPIO_Init)
    __arm_cp.0_0                             0x080022e4   Number         4  bsp_step.o(.text.STEP_GPIO_Init)
    __arm_cp.0_1                             0x080022e8   Number         4  bsp_step.o(.text.STEP_GPIO_Init)
    __arm_cp.0_2                             0x080022ec   Number         4  bsp_step.o(.text.STEP_GPIO_Init)
    [Anonymous Symbol]                       0x080022f0   Section        0  bsp_step.o(.text.STEP_PUL_Init)
    __arm_cp.4_1                             0x08002360   Number         4  bsp_step.o(.text.STEP_PUL_Init)
    __arm_cp.4_2                             0x08002364   Number         4  bsp_step.o(.text.STEP_PUL_Init)
    [Anonymous Symbol]                       0x08002368   Section        0  stm32f1xx_it.o(.text.SVC_Handler)
    [Anonymous Symbol]                       0x0800236a   Section        0  stm32f1xx_it.o(.text.SysTick_Handler)
    [Anonymous Symbol]                       0x0800236e   Section        0  main.o(.text.SystemClock_Config)
    [Anonymous Symbol]                       0x080023ec   Section        0  system_stm32f1xx.o(.text.SystemInit)
    [Anonymous Symbol]                       0x080023f0   Section        0  stm32f1xx_it.o(.text.TIM3_IRQHandler)
    __arm_cp.10_0                            0x080023f8   Number         4  stm32f1xx_it.o(.text.TIM3_IRQHandler)
    [Anonymous Symbol]                       0x080023fc   Section        0  stm32f1xx_hal_tim.o(.text.TIM_Base_SetConfig)
    __arm_cp.2_1                             0x08002464   Number         4  stm32f1xx_hal_tim.o(.text.TIM_Base_SetConfig)
    __arm_cp.2_2                             0x08002468   Number         4  stm32f1xx_hal_tim.o(.text.TIM_Base_SetConfig)
    [Anonymous Symbol]                       0x0800246c   Section        0  stm32f1xx_hal_tim.o(.text.TIM_CCxChannelCmd)
    TIM_OC1_SetConfig                        0x0800248d   Thumb Code    76  stm32f1xx_hal_tim.o(.text.TIM_OC1_SetConfig)
    [Anonymous Symbol]                       0x0800248c   Section        0  stm32f1xx_hal_tim.o(.text.TIM_OC1_SetConfig)
    [Anonymous Symbol]                       0x080024d8   Section        0  stm32f1xx_hal_tim.o(.text.TIM_OC2_SetConfig)
    TIM_OC3_SetConfig                        0x08002531   Thumb Code    84  stm32f1xx_hal_tim.o(.text.TIM_OC3_SetConfig)
    [Anonymous Symbol]                       0x08002530   Section        0  stm32f1xx_hal_tim.o(.text.TIM_OC3_SetConfig)
    TIM_OC4_SetConfig                        0x08002585   Thumb Code    64  stm32f1xx_hal_tim.o(.text.TIM_OC4_SetConfig)
    [Anonymous Symbol]                       0x08002584   Section        0  stm32f1xx_hal_tim.o(.text.TIM_OC4_SetConfig)
    __arm_cp.77_0                            0x080025c4   Number         4  stm32f1xx_hal_tim.o(.text.TIM_OC4_SetConfig)
    UART_DMAAbortOnError                     0x080025c9   Thumb Code    12  stm32f1xx_hal_uart.o(.text.UART_DMAAbortOnError)
    [Anonymous Symbol]                       0x080025c8   Section        0  stm32f1xx_hal_uart.o(.text.UART_DMAAbortOnError)
    UART_EndRxTransfer                       0x080025d5   Thumb Code    66  stm32f1xx_hal_uart.o(.text.UART_EndRxTransfer)
    [Anonymous Symbol]                       0x080025d4   Section        0  stm32f1xx_hal_uart.o(.text.UART_EndRxTransfer)
    UART_Receive_IT                          0x08002617   Thumb Code   190  stm32f1xx_hal_uart.o(.text.UART_Receive_IT)
    [Anonymous Symbol]                       0x08002616   Section        0  stm32f1xx_hal_uart.o(.text.UART_Receive_IT)
    UART_SetConfig                           0x080026d5   Thumb Code   124  stm32f1xx_hal_uart.o(.text.UART_SetConfig)
    [Anonymous Symbol]                       0x080026d4   Section        0  stm32f1xx_hal_uart.o(.text.UART_SetConfig)
    __arm_cp.2_0                             0x08002750   Number         4  stm32f1xx_hal_uart.o(.text.UART_SetConfig)
    __arm_cp.2_1                             0x08002754   Number         4  stm32f1xx_hal_uart.o(.text.UART_SetConfig)
    [Anonymous Symbol]                       0x08002758   Section        0  stm32f1xx_hal_uart.o(.text.UART_Start_Receive_IT)
    UART_WaitOnFlagUntilTimeout              0x0800278b   Thumb Code    90  stm32f1xx_hal_uart.o(.text.UART_WaitOnFlagUntilTimeout)
    [Anonymous Symbol]                       0x0800278a   Section        0  stm32f1xx_hal_uart.o(.text.UART_WaitOnFlagUntilTimeout)
    [Anonymous Symbol]                       0x080027e4   Section        0  bsp_uart.o(.text.UART_sendErrorInfor)
    __arm_cp.3_0                             0x080027fc   Number         4  bsp_uart.o(.text.UART_sendErrorInfor)
    __arm_cp.3_1                             0x08002800   Number         4  bsp_uart.o(.text.UART_sendErrorInfor)
    [Anonymous Symbol]                       0x08002804   Section        0  stm32f1xx_it.o(.text.USART1_IRQHandler)
    __arm_cp.11_0                            0x0800280c   Number         4  stm32f1xx_it.o(.text.USART1_IRQHandler)
    [Anonymous Symbol]                       0x08002810   Section        0  stm32f1xx_it.o(.text.UsageFault_Handler)
    [Anonymous Symbol]                       0x08002814   Section        0  bsp_step.o(.text.change_StepDirect)
    [Anonymous Symbol]                       0x0800282c   Section        0  bsp_step.o(.text.goHomeStep)
    __arm_cp.11_0                            0x080028b0   Number         4  bsp_step.o(.text.goHomeStep)
    __arm_cp.11_1                            0x080028b4   Number         4  bsp_step.o(.text.goHomeStep)
    __arm_cp.11_2                            0x080028b8   Number         4  bsp_step.o(.text.goHomeStep)
    [Anonymous Symbol]                       0x080028bc   Section        0  main.o(.text.main)
    __arm_cp.1_14                            0x08002bd4   Number         4  main.o(.text.main)
    __arm_cp.1_15                            0x08002bd8   Number         4  main.o(.text.main)
    __arm_cp.1_16                            0x08002f70   Number         4  main.o(.text.main)
    __arm_cp.1_0                             0x08003004   Number         4  main.o(.text.main)
    __arm_cp.1_3                             0x08003008   Number         4  main.o(.text.main)
    __arm_cp.1_4                             0x0800300c   Number         4  main.o(.text.main)
    __arm_cp.1_5                             0x08003010   Number         4  main.o(.text.main)
    __arm_cp.1_6                             0x08003014   Number         4  main.o(.text.main)
    __arm_cp.1_7                             0x08003018   Number         4  main.o(.text.main)
    __arm_cp.1_12                            0x08003040   Number         4  main.o(.text.main)
    [Anonymous Symbol]                       0x08003044   Section        0  bsp_step.o(.text.run_Step)
    [Anonymous Symbol]                       0x08003060   Section        0  bsp_step.o(.text.set_StepRotateAngle)
    __arm_cp.6_1                             0x08003080   Number         4  bsp_step.o(.text.set_StepRotateAngle)
    [Anonymous Symbol]                       0x08003084   Section        0  bsp_step.o(.text.set_StepSpeed)
    __arm_cp.7_0                             0x080030d0   Number         4  bsp_step.o(.text.set_StepSpeed)
    __arm_cp.7_1                             0x080030d4   Number         4  bsp_step.o(.text.set_StepSpeed)
    __arm_cp.7_2                             0x080030d8   Number         4  bsp_step.o(.text.set_StepSpeed)
    [Anonymous Symbol]                       0x080030dc   Section        0  bsp_step.o(.text.stop_Step)
    __arm_cp.10_0                            0x080030f8   Number         4  bsp_step.o(.text.stop_Step)
    x$fpl$d2f                                0x080030fc   Section       98  d2f.o(x$fpl$d2f)
    x$fpl$dcmpinf                            0x0800315e   Section       24  dcmpi.o(x$fpl$dcmpinf)
    x$fpl$ddiv                               0x08003178   Section      692  ddiv.o(x$fpl$ddiv)
    ddiv_entry                               0x0800317f   Thumb Code     0  ddiv.o(x$fpl$ddiv)
    x$fpl$deqf                               0x0800342c   Section      120  deqf.o(x$fpl$deqf)
    x$fpl$dfix                               0x080034a4   Section       94  dfix.o(x$fpl$dfix)
    x$fpl$dfixu                              0x08003504   Section       90  dfixu.o(x$fpl$dfixu)
    x$fpl$dflt                               0x0800355e   Section       46  dflt_clz.o(x$fpl$dflt)
    x$fpl$dfltu                              0x0800358c   Section       38  dflt_clz.o(x$fpl$dfltu)
    x$fpl$dgeqf                              0x080035b4   Section      120  dgeqf.o(x$fpl$dgeqf)
    x$fpl$dleqf                              0x0800362c   Section      120  dleqf.o(x$fpl$dleqf)
    x$fpl$dmul                               0x080036a4   Section      340  dmul.o(x$fpl$dmul)
    x$fpl$dnaninf                            0x080037f8   Section      156  dnaninf.o(x$fpl$dnaninf)
    x$fpl$dretinf                            0x08003894   Section       12  dretinf.o(x$fpl$dretinf)
    x$fpl$f2d                                0x080038a0   Section       86  f2d.o(x$fpl$f2d)
    x$fpl$fadd                               0x080038f8   Section      196  faddsub_clz.o(x$fpl$fadd)
    _fadd1                                   0x08003907   Thumb Code     0  faddsub_clz.o(x$fpl$fadd)
    x$fpl$fcmp                               0x080039bc   Section       84  dcmp.o(x$fpl$fcmp)
    _fdiv1                                   0x08003a11   Thumb Code     0  fdiv.o(x$fpl$fdiv)
    x$fpl$fdiv                               0x08003a10   Section      388  fdiv.o(x$fpl$fdiv)
    x$fpl$fnaninf                            0x08003b94   Section      140  fnaninf.o(x$fpl$fnaninf)
    x$fpl$fretinf                            0x08003c20   Section       10  fretinf.o(x$fpl$fretinf)
    x$fpl$fsub                               0x08003c2c   Section      234  faddsub_clz.o(x$fpl$fsub)
    _fsub1                                   0x08003c3b   Thumb Code     0  faddsub_clz.o(x$fpl$fsub)
    x$fpl$usenofp                            0x08003d16   Section        0  usenofp.o(x$fpl$usenofp)
    [Anonymous Symbol]                       0x08003d30   Section        0  stm32f1xx_hal_tim.o(.rodata.cst16)
    [Anonymous Symbol]                       0x20000000   Section        0  stm32f1xx_hal.o(.data..L_MergedGlobals)
    .bss                                     0x20000010   Section       96  libspace.o(.bss)
    [Anonymous Symbol]                       0x20000070   Section        0  main.o(.bss..L_MergedGlobals)
    [Anonymous Symbol]                       0x200000dc   Section        0  bsp_step.o(.bss..L_MergedGlobals)
    [Anonymous Symbol]                       0x200000ec   Section        0  sensor.o(.bss..L_MergedGlobals)
    [Anonymous Symbol]                       0x200000f4   Section        0  main.o(.bss..L_MergedGlobals.3)
    Heap_Mem                                 0x20000290   Data         512  startup_stm32f103xb.o(HEAP)
    HEAP                                     0x20000290   Section      512  startup_stm32f103xb.o(HEAP)
    Stack_Mem                                0x20000490   Data        1024  startup_stm32f103xb.o(STACK)
    STACK                                    0x20000490   Section     1024  startup_stm32f103xb.o(STACK)
    __initial_sp                             0x20000890   Data           0  startup_stm32f103xb.o(STACK)

    Global Symbols

    Symbol Name                              Value     Ov Type        Size  Object(Section)

    BuildAttributes$$THM_ISAv4$P$D$K$B$S$PE$A:L22UL41UL21$X:L11$S22US41US21$IEEE1$IW$~IW$USESV6$~STKCKD$USESV7$~SHL$OSPACE$ROPI$EBA8$UX$STANDARDLIB$REQ8$PRES8$EABIv2 0x00000000   Number         0  anon$$obj.o ABSOLUTE
    __fp_init_empty                          0x00000000   Number         0  fpinit_empty.o ABSOLUTE
    __ARM_exceptions_init                     - Undefined Weak Reference
    __alloca_initialize                       - Undefined Weak Reference
    __arm_preinit_                            - Undefined Weak Reference
    __arm_relocate_pie_                       - Undefined Weak Reference
    __cpp_initialize__aeabi_                  - Undefined Weak Reference
    __cxa_finalize                            - Undefined Weak Reference
    __rt_locale                               - Undefined Weak Reference
    __sigvec_lookup                           - Undefined Weak Reference
    _atexit_init                              - Undefined Weak Reference
    _call_atexit_fns                          - Undefined Weak Reference
    _clock_init                               - Undefined Weak Reference
    _fp_trap_init                             - Undefined Weak Reference
    _fp_trap_shutdown                         - Undefined Weak Reference
    _get_lc_collate                           - Undefined Weak Reference
    _get_lc_ctype                             - Undefined Weak Reference
    _get_lc_monetary                          - Undefined Weak Reference
    _get_lc_numeric                           - Undefined Weak Reference
    _get_lc_time                              - Undefined Weak Reference
    _getenv_init                              - Undefined Weak Reference
    _handle_redirection                       - Undefined Weak Reference
    _init_alloc                               - Undefined Weak Reference
    _init_user_alloc                          - Undefined Weak Reference
    _initio                                   - Undefined Weak Reference
    _rand_init                                - Undefined Weak Reference
    _signal_finish                            - Undefined Weak Reference
    _signal_init                              - Undefined Weak Reference
    _terminate_alloc                          - Undefined Weak Reference
    _terminate_user_alloc                     - Undefined Weak Reference
    _terminateio                              - Undefined Weak Reference
    __Vectors_Size                           0x000000ec   Number         0  startup_stm32f103xb.o ABSOLUTE
    __Vectors                                0x08000000   Data           4  startup_stm32f103xb.o(RESET)
    __Vectors_End                            0x080000ec   Data           0  startup_stm32f103xb.o(RESET)
    __main                                   0x080000ed   Thumb Code     8  __main.o(!!!main)
    __scatterload                            0x080000f5   Thumb Code     0  __scatter.o(!!!scatter)
    __scatterload_rt2                        0x080000f5   Thumb Code    44  __scatter.o(!!!scatter)
    __scatterload_rt2_thumb_only             0x080000f5   Thumb Code     0  __scatter.o(!!!scatter)
    __scatterload_null                       0x08000103   Thumb Code     0  __scatter.o(!!!scatter)
    __scatterload_copy                       0x08000129   Thumb Code    26  __scatter_copy.o(!!handler_copy)
    __scatterload_zeroinit                   0x08000145   Thumb Code    28  __scatter_zi.o(!!handler_zi)
    __rt_lib_init                            0x08000161   Thumb Code     0  libinit.o(.ARM.Collect$$libinit$$00000000)
    __rt_lib_init_alloca_1                   0x08000163   Thumb Code     0  libinit2.o(.ARM.Collect$$libinit$$00000030)
    __rt_lib_init_argv_1                     0x08000163   Thumb Code     0  libinit2.o(.ARM.Collect$$libinit$$0000002E)
    __rt_lib_init_atexit_1                   0x08000163   Thumb Code     0  libinit2.o(.ARM.Collect$$libinit$$0000001D)
    __rt_lib_init_clock_1                    0x08000163   Thumb Code     0  libinit2.o(.ARM.Collect$$libinit$$00000023)
    __rt_lib_init_cpp_1                      0x08000163   Thumb Code     0  libinit2.o(.ARM.Collect$$libinit$$00000034)
    __rt_lib_init_exceptions_1               0x08000163   Thumb Code     0  libinit2.o(.ARM.Collect$$libinit$$00000032)
    __rt_lib_init_fp_1                       0x08000163   Thumb Code     0  libinit2.o(.ARM.Collect$$libinit$$00000002)
    __rt_lib_init_fp_trap_1                  0x08000163   Thumb Code     0  libinit2.o(.ARM.Collect$$libinit$$00000021)
    __rt_lib_init_getenv_1                   0x08000163   Thumb Code     0  libinit2.o(.ARM.Collect$$libinit$$00000025)
    __rt_lib_init_heap_1                     0x08000163   Thumb Code     0  libinit2.o(.ARM.Collect$$libinit$$0000000C)
    __rt_lib_init_lc_collate_1               0x08000163   Thumb Code     0  libinit2.o(.ARM.Collect$$libinit$$00000013)
    __rt_lib_init_lc_ctype_1                 0x08000163   Thumb Code     0  libinit2.o(.ARM.Collect$$libinit$$00000015)
    __rt_lib_init_lc_monetary_1              0x08000163   Thumb Code     0  libinit2.o(.ARM.Collect$$libinit$$00000017)
    __rt_lib_init_lc_numeric_1               0x08000163   Thumb Code     0  libinit2.o(.ARM.Collect$$libinit$$00000019)
    __rt_lib_init_lc_time_1                  0x08000163   Thumb Code     0  libinit2.o(.ARM.Collect$$libinit$$0000001B)
    __rt_lib_init_preinit_1                  0x08000163   Thumb Code     0  libinit2.o(.ARM.Collect$$libinit$$00000006)
    __rt_lib_init_rand_1                     0x08000163   Thumb Code     0  libinit2.o(.ARM.Collect$$libinit$$00000010)
    __rt_lib_init_relocate_pie_1             0x08000163   Thumb Code     0  libinit2.o(.ARM.Collect$$libinit$$00000004)
    __rt_lib_init_return                     0x08000163   Thumb Code     0  libinit2.o(.ARM.Collect$$libinit$$00000035)
    __rt_lib_init_signal_1                   0x08000163   Thumb Code     0  libinit2.o(.ARM.Collect$$libinit$$0000001F)
    __rt_lib_init_stdio_1                    0x08000163   Thumb Code     0  libinit2.o(.ARM.Collect$$libinit$$00000027)
    __rt_lib_init_user_alloc_1               0x08000163   Thumb Code     0  libinit2.o(.ARM.Collect$$libinit$$0000000E)
    __rt_lib_shutdown                        0x08000165   Thumb Code     0  libshutdown.o(.ARM.Collect$$libshutdown$$00000000)
    __rt_lib_shutdown_cpp_1                  0x08000167   Thumb Code     0  libshutdown2.o(.ARM.Collect$$libshutdown$$00000002)
    __rt_lib_shutdown_fp_trap_1              0x08000167   Thumb Code     0  libshutdown2.o(.ARM.Collect$$libshutdown$$00000007)
    __rt_lib_shutdown_heap_1                 0x08000167   Thumb Code     0  libshutdown2.o(.ARM.Collect$$libshutdown$$0000000F)
    __rt_lib_shutdown_return                 0x08000167   Thumb Code     0  libshutdown2.o(.ARM.Collect$$libshutdown$$00000010)
    __rt_lib_shutdown_signal_1               0x08000167   Thumb Code     0  libshutdown2.o(.ARM.Collect$$libshutdown$$0000000A)
    __rt_lib_shutdown_stdio_1                0x08000167   Thumb Code     0  libshutdown2.o(.ARM.Collect$$libshutdown$$00000004)
    __rt_lib_shutdown_user_alloc_1           0x08000167   Thumb Code     0  libshutdown2.o(.ARM.Collect$$libshutdown$$0000000C)
    __rt_entry                               0x08000169   Thumb Code     0  __rtentry.o(.ARM.Collect$$rtentry$$00000000)
    __rt_entry_presh_1                       0x08000169   Thumb Code     0  __rtentry2.o(.ARM.Collect$$rtentry$$00000002)
    __rt_entry_sh                            0x08000169   Thumb Code     0  __rtentry4.o(.ARM.Collect$$rtentry$$00000004)
    __rt_entry_li                            0x0800016f   Thumb Code     0  __rtentry2.o(.ARM.Collect$$rtentry$$0000000A)
    __rt_entry_postsh_1                      0x0800016f   Thumb Code     0  __rtentry2.o(.ARM.Collect$$rtentry$$00000009)
    __rt_entry_main                          0x08000173   Thumb Code     0  __rtentry2.o(.ARM.Collect$$rtentry$$0000000D)
    __rt_entry_postli_1                      0x08000173   Thumb Code     0  __rtentry2.o(.ARM.Collect$$rtentry$$0000000C)
    __rt_exit                                0x0800017b   Thumb Code     0  rtexit.o(.ARM.Collect$$rtexit$$00000000)
    __rt_exit_ls                             0x0800017d   Thumb Code     0  rtexit2.o(.ARM.Collect$$rtexit$$00000003)
    __rt_exit_prels_1                        0x0800017d   Thumb Code     0  rtexit2.o(.ARM.Collect$$rtexit$$00000002)
    __rt_exit_exit                           0x08000181   Thumb Code     0  rtexit2.o(.ARM.Collect$$rtexit$$00000004)
    Reset_Handler                            0x08000189   Thumb Code     8  startup_stm32f103xb.o(.text)
    ADC1_2_IRQHandler                        0x080001a3   Thumb Code     0  startup_stm32f103xb.o(.text)
    CAN1_RX1_IRQHandler                      0x080001a3   Thumb Code     0  startup_stm32f103xb.o(.text)
    CAN1_SCE_IRQHandler                      0x080001a3   Thumb Code     0  startup_stm32f103xb.o(.text)
    DMA1_Channel1_IRQHandler                 0x080001a3   Thumb Code     0  startup_stm32f103xb.o(.text)
    DMA1_Channel2_IRQHandler                 0x080001a3   Thumb Code     0  startup_stm32f103xb.o(.text)
    DMA1_Channel3_IRQHandler                 0x080001a3   Thumb Code     0  startup_stm32f103xb.o(.text)
    DMA1_Channel4_IRQHandler                 0x080001a3   Thumb Code     0  startup_stm32f103xb.o(.text)
    DMA1_Channel6_IRQHandler                 0x080001a3   Thumb Code     0  startup_stm32f103xb.o(.text)
    DMA1_Channel7_IRQHandler                 0x080001a3   Thumb Code     0  startup_stm32f103xb.o(.text)
    EXTI0_IRQHandler                         0x080001a3   Thumb Code     0  startup_stm32f103xb.o(.text)
    EXTI15_10_IRQHandler                     0x080001a3   Thumb Code     0  startup_stm32f103xb.o(.text)
    EXTI1_IRQHandler                         0x080001a3   Thumb Code     0  startup_stm32f103xb.o(.text)
    EXTI2_IRQHandler                         0x080001a3   Thumb Code     0  startup_stm32f103xb.o(.text)
    EXTI3_IRQHandler                         0x080001a3   Thumb Code     0  startup_stm32f103xb.o(.text)
    EXTI4_IRQHandler                         0x080001a3   Thumb Code     0  startup_stm32f103xb.o(.text)
    EXTI9_5_IRQHandler                       0x080001a3   Thumb Code     0  startup_stm32f103xb.o(.text)
    FLASH_IRQHandler                         0x080001a3   Thumb Code     0  startup_stm32f103xb.o(.text)
    I2C1_ER_IRQHandler                       0x080001a3   Thumb Code     0  startup_stm32f103xb.o(.text)
    I2C1_EV_IRQHandler                       0x080001a3   Thumb Code     0  startup_stm32f103xb.o(.text)
    I2C2_ER_IRQHandler                       0x080001a3   Thumb Code     0  startup_stm32f103xb.o(.text)
    I2C2_EV_IRQHandler                       0x080001a3   Thumb Code     0  startup_stm32f103xb.o(.text)
    PVD_IRQHandler                           0x080001a3   Thumb Code     0  startup_stm32f103xb.o(.text)
    RCC_IRQHandler                           0x080001a3   Thumb Code     0  startup_stm32f103xb.o(.text)
    RTC_Alarm_IRQHandler                     0x080001a3   Thumb Code     0  startup_stm32f103xb.o(.text)
    RTC_IRQHandler                           0x080001a3   Thumb Code     0  startup_stm32f103xb.o(.text)
    SPI1_IRQHandler                          0x080001a3   Thumb Code     0  startup_stm32f103xb.o(.text)
    SPI2_IRQHandler                          0x080001a3   Thumb Code     0  startup_stm32f103xb.o(.text)
    TAMPER_IRQHandler                        0x080001a3   Thumb Code     0  startup_stm32f103xb.o(.text)
    TIM1_BRK_IRQHandler                      0x080001a3   Thumb Code     0  startup_stm32f103xb.o(.text)
    TIM1_CC_IRQHandler                       0x080001a3   Thumb Code     0  startup_stm32f103xb.o(.text)
    TIM1_TRG_COM_IRQHandler                  0x080001a3   Thumb Code     0  startup_stm32f103xb.o(.text)
    TIM1_UP_IRQHandler                       0x080001a3   Thumb Code     0  startup_stm32f103xb.o(.text)
    TIM2_IRQHandler                          0x080001a3   Thumb Code     0  startup_stm32f103xb.o(.text)
    TIM4_IRQHandler                          0x080001a3   Thumb Code     0  startup_stm32f103xb.o(.text)
    USART2_IRQHandler                        0x080001a3   Thumb Code     0  startup_stm32f103xb.o(.text)
    USART3_IRQHandler                        0x080001a3   Thumb Code     0  startup_stm32f103xb.o(.text)
    USBWakeUp_IRQHandler                     0x080001a3   Thumb Code     0  startup_stm32f103xb.o(.text)
    USB_HP_CAN1_TX_IRQHandler                0x080001a3   Thumb Code     0  startup_stm32f103xb.o(.text)
    USB_LP_CAN1_RX0_IRQHandler               0x080001a3   Thumb Code     0  startup_stm32f103xb.o(.text)
    WWDG_IRQHandler                          0x080001a3   Thumb Code     0  startup_stm32f103xb.o(.text)
    __user_initial_stackheap                 0x080001a5   Thumb Code     0  startup_stm32f103xb.o(.text)
    __aeabi_memclr4                          0x080001c9   Thumb Code     0  rt_memclr_w.o(.text)
    __aeabi_memclr8                          0x080001c9   Thumb Code     0  rt_memclr_w.o(.text)
    __rt_memclr_w                            0x080001c9   Thumb Code     0  rt_memclr_w.o(.text)
    _memset_w                                0x080001cd   Thumb Code    74  rt_memclr_w.o(.text)
    __use_two_region_memory                  0x08000217   Thumb Code     2  heapauxi.o(.text)
    __rt_heap_escrow$2region                 0x08000219   Thumb Code     2  heapauxi.o(.text)
    __rt_heap_expand$2region                 0x0800021b   Thumb Code     2  heapauxi.o(.text)
    __user_setup_stackheap                   0x0800021d   Thumb Code    74  sys_stackheap_outer.o(.text)
    exit                                     0x08000267   Thumb Code    18  exit.o(.text)
    __user_libspace                          0x08000279   Thumb Code     8  libspace.o(.text)
    __user_perproc_libspace                  0x08000279   Thumb Code     0  libspace.o(.text)
    __user_perthread_libspace                0x08000279   Thumb Code     0  libspace.o(.text)
    _sys_exit                                0x08000281   Thumb Code     8  sys_exit.o(.text)
    __I$use$semihosting                      0x0800028d   Thumb Code     0  use_no_semi.o(.text)
    __use_no_semihosting_swi                 0x0800028d   Thumb Code     2  use_no_semi.o(.text)
    ADC_ConversionStop_Disable               0x0800028f   Thumb Code    76  stm32f1xx_hal_adc.o(.text.ADC_ConversionStop_Disable)
    __semihosting_library_function           0x0800028f   Thumb Code     0  indicate_semi.o(.text)
    ADC_Enable                               0x080002dd   Thumb Code   108  stm32f1xx_hal_adc.o(.text.ADC_Enable)
    BusFault_Handler                         0x08000349   Thumb Code     2  stm32f1xx_it.o(.text.BusFault_Handler)
    DC_Driver_PWM_Init                       0x0800034d   Thumb Code    20  bts7960_driver.o(.text.DC_Driver_PWM_Init)
    DC_Driver_Run                            0x08000365   Thumb Code    28  bts7960_driver.o(.text.DC_Driver_Run)
    DC_Driver_SetDir                         0x08000389   Thumb Code    68  bts7960_driver.o(.text.DC_Driver_SetDir)
    DC_Driver_SetSpeed                       0x080003d1   Thumb Code     8  bts7960_driver.o(.text.DC_Driver_SetSpeed)
    DC_Driver_Stop                           0x080003dd   Thumb Code     8  bts7960_driver.o(.text.DC_Driver_Stop)
    DMA1_Channel5_IRQHandler                 0x080003e9   Thumb Code     8  stm32f1xx_it.o(.text.DMA1_Channel5_IRQHandler)
    DebugMon_Handler                         0x080003f5   Thumb Code     2  stm32f1xx_it.o(.text.DebugMon_Handler)
    Error_Handler                            0x080003f7   Thumb Code     8  main.o(.text.Error_Handler)
    HAL_ADC_ConfigChannel                    0x08000401   Thumb Code   248  stm32f1xx_hal_adc.o(.text.HAL_ADC_ConfigChannel)
    HAL_ADC_GetValue                         0x08000505   Thumb Code     6  stm32f1xx_hal_adc.o(.text.HAL_ADC_GetValue)
    HAL_ADC_Init                             0x0800050d   Thumb Code   236  stm32f1xx_hal_adc.o(.text.HAL_ADC_Init)
    HAL_ADC_MspInit                          0x08000609   Thumb Code    92  stm32f1xx_hal_msp.o(.text.HAL_ADC_MspInit)
    HAL_ADC_PollForConversion                0x08000675   Thumb Code   280  stm32f1xx_hal_adc.o(.text.HAL_ADC_PollForConversion)
    HAL_ADC_Start                            0x080007a5   Thumb Code   160  stm32f1xx_hal_adc.o(.text.HAL_ADC_Start)
    HAL_ADC_Stop                             0x08000849   Thumb Code    34  stm32f1xx_hal_adc.o(.text.HAL_ADC_Stop)
    HAL_DMA_Abort                            0x0800086b   Thumb Code    64  stm32f1xx_hal_dma.o(.text.HAL_DMA_Abort)
    HAL_DMA_Abort_IT                         0x080008ad   Thumb Code   136  stm32f1xx_hal_dma.o(.text.HAL_DMA_Abort_IT)
    HAL_DMA_IRQHandler                       0x08000935   Thumb Code   280  stm32f1xx_hal_dma.o(.text.HAL_DMA_IRQHandler)
    HAL_DMA_Init                             0x08000a65   Thumb Code   100  stm32f1xx_hal_dma.o(.text.HAL_DMA_Init)
    HAL_Delay                                0x08000ad1   Thumb Code    32  stm32f1xx_hal.o(.text.HAL_Delay)
    HAL_GPIO_Init                            0x08000af1   Thumb Code   384  stm32f1xx_hal_gpio.o(.text.HAL_GPIO_Init)
    HAL_GPIO_ReadPin                         0x08000ca1   Thumb Code    10  stm32f1xx_hal_gpio.o(.text.HAL_GPIO_ReadPin)
    HAL_GPIO_WritePin                        0x08000cab   Thumb Code    10  stm32f1xx_hal_gpio.o(.text.HAL_GPIO_WritePin)
    HAL_GetTick                              0x08000cb5   Thumb Code     8  stm32f1xx_hal.o(.text.HAL_GetTick)
    HAL_IncTick                              0x08000cbd   Thumb Code    16  stm32f1xx_hal.o(.text.HAL_IncTick)
    HAL_Init                                 0x08000cd1   Thumb Code    32  stm32f1xx_hal.o(.text.HAL_Init)
    HAL_InitTick                             0x08000cf5   Thumb Code    56  stm32f1xx_hal.o(.text.HAL_InitTick)
    HAL_MspInit                              0x08000d31   Thumb Code    56  stm32f1xx_hal_msp.o(.text.HAL_MspInit)
    HAL_NVIC_EnableIRQ                       0x08000d71   Thumb Code    28  stm32f1xx_hal_cortex.o(.text.HAL_NVIC_EnableIRQ)
    HAL_NVIC_SetPriority                     0x08000d91   Thumb Code    72  stm32f1xx_hal_cortex.o(.text.HAL_NVIC_SetPriority)
    HAL_NVIC_SetPriorityGrouping             0x08000ddd   Thumb Code    24  stm32f1xx_hal_cortex.o(.text.HAL_NVIC_SetPriorityGrouping)
    HAL_RCCEx_GetPeriphCLKFreq               0x08000dfd   Thumb Code   160  stm32f1xx_hal_rcc_ex.o(.text.HAL_RCCEx_GetPeriphCLKFreq)
    HAL_RCCEx_PeriphCLKConfig                0x08000eb5   Thumb Code   220  stm32f1xx_hal_rcc_ex.o(.text.HAL_RCCEx_PeriphCLKConfig)
    HAL_RCC_ClockConfig                      0x08000f99   Thumb Code   304  stm32f1xx_hal_rcc.o(.text.HAL_RCC_ClockConfig)
    HAL_RCC_GetPCLK1Freq                     0x080010d9   Thumb Code    20  stm32f1xx_hal_rcc.o(.text.HAL_RCC_GetPCLK1Freq)
    HAL_RCC_GetPCLK2Freq                     0x080010ed   Thumb Code    20  stm32f1xx_hal_rcc.o(.text.HAL_RCC_GetPCLK2Freq)
    HAL_RCC_GetSysClockFreq                  0x08001109   Thumb Code    52  stm32f1xx_hal_rcc.o(.text.HAL_RCC_GetSysClockFreq)
    HAL_RCC_OscConfig                        0x0800115d   Thumb Code   748  stm32f1xx_hal_rcc.o(.text.HAL_RCC_OscConfig)
    HAL_SYSTICK_Config                       0x08001459   Thumb Code    32  stm32f1xx_hal_cortex.o(.text.HAL_SYSTICK_Config)
    HAL_TIMEx_BreakCallback                  0x08001481   Thumb Code     2  stm32f1xx_hal_tim_ex.o(.text.HAL_TIMEx_BreakCallback)
    HAL_TIMEx_CommutCallback                 0x08001483   Thumb Code     2  stm32f1xx_hal_tim_ex.o(.text.HAL_TIMEx_CommutCallback)
    HAL_TIMEx_ConfigBreakDeadTime            0x08001485   Thumb Code    78  stm32f1xx_hal_tim_ex.o(.text.HAL_TIMEx_ConfigBreakDeadTime)
    HAL_TIMEx_MasterConfigSynchronization    0x080014d5   Thumb Code    84  stm32f1xx_hal_tim_ex.o(.text.HAL_TIMEx_MasterConfigSynchronization)
    HAL_TIM_IC_CaptureCallback               0x08001529   Thumb Code     2  stm32f1xx_hal_tim.o(.text.HAL_TIM_IC_CaptureCallback)
    HAL_TIM_IRQHandler                       0x0800152b   Thumb Code   294  stm32f1xx_hal_tim.o(.text.HAL_TIM_IRQHandler)
    HAL_TIM_MspPostInit                      0x08001651   Thumb Code    60  stm32f1xx_hal_msp.o(.text.HAL_TIM_MspPostInit)
    HAL_TIM_OC_DelayElapsedCallback          0x08001691   Thumb Code     2  stm32f1xx_hal_tim.o(.text.HAL_TIM_OC_DelayElapsedCallback)
    HAL_TIM_PWM_ConfigChannel                0x08001695   Thumb Code   138  stm32f1xx_hal_tim.o(.text.HAL_TIM_PWM_ConfigChannel)
    HAL_TIM_PWM_Init                         0x0800171f   Thumb Code    30  stm32f1xx_hal_tim.o(.text.HAL_TIM_PWM_Init)
    HAL_TIM_PWM_MspInit                      0x0800173d   Thumb Code    80  stm32f1xx_hal_msp.o(.text.HAL_TIM_PWM_MspInit)
    HAL_TIM_PWM_PulseFinishedCallback        0x08001791   Thumb Code    52  bsp_step.o(.text.HAL_TIM_PWM_PulseFinishedCallback)
    HAL_TIM_PWM_Start                        0x080017c9   Thumb Code   132  stm32f1xx_hal_tim.o(.text.HAL_TIM_PWM_Start)
    HAL_TIM_PWM_Start_IT                     0x08001859   Thumb Code   140  stm32f1xx_hal_tim.o(.text.HAL_TIM_PWM_Start_IT)
    HAL_TIM_PeriodElapsedCallback            0x080018f5   Thumb Code     2  stm32f1xx_hal_tim.o(.text.HAL_TIM_PeriodElapsedCallback)
    HAL_TIM_TriggerCallback                  0x080018f7   Thumb Code     2  stm32f1xx_hal_tim.o(.text.HAL_TIM_TriggerCallback)
    HAL_UARTEx_RxEventCallback               0x080018f9   Thumb Code     2  stm32f1xx_hal_uart.o(.text.HAL_UARTEx_RxEventCallback)
    HAL_UART_ErrorCallback                   0x080018fb   Thumb Code     2  stm32f1xx_hal_uart.o(.text.HAL_UART_ErrorCallback)
    HAL_UART_IRQHandler                      0x080018fd   Thumb Code   568  stm32f1xx_hal_uart.o(.text.HAL_UART_IRQHandler)
    HAL_UART_Init                            0x08001b39   Thumb Code    44  stm32f1xx_hal_uart.o(.text.HAL_UART_Init)
    HAL_UART_MspInit                         0x08001b65   Thumb Code   272  stm32f1xx_hal_msp.o(.text.HAL_UART_MspInit)
    HAL_UART_Receive_IT                      0x08001c89   Thumb Code    34  stm32f1xx_hal_uart.o(.text.HAL_UART_Receive_IT)
    HAL_UART_RxCpltCallback                  0x08001cad   Thumb Code    28  main.o(.text.HAL_UART_RxCpltCallback)
    HAL_UART_Transmit                        0x08001cd1   Thumb Code   164  stm32f1xx_hal_uart.o(.text.HAL_UART_Transmit)
    HAL_UART_TxCpltCallback                  0x08001d75   Thumb Code     2  stm32f1xx_hal_uart.o(.text.HAL_UART_TxCpltCallback)
    HardFault_Handler                        0x08001d77   Thumb Code     2  stm32f1xx_it.o(.text.HardFault_Handler)
    Led_All_Off                              0x08001d79   Thumb Code    32  led5050.o(.text.Led_All_Off)
    Led_Green_Off                            0x08001d99   Thumb Code    12  led5050.o(.text.Led_Green_Off)
    Led_Green_On                             0x08001da5   Thumb Code    32  led5050.o(.text.Led_Green_On)
    Led_Red_Off                              0x08001dc5   Thumb Code    12  led5050.o(.text.Led_Red_Off)
    Led_Red_On                               0x08001dd1   Thumb Code    32  led5050.o(.text.Led_Red_On)
    Led_Yellow_Off                           0x08001df1   Thumb Code    36  led5050.o(.text.Led_Yellow_Off)
    Led_Yellow_On                            0x08001e19   Thumb Code    32  led5050.o(.text.Led_Yellow_On)
    MemManage_Handler                        0x08001e41   Thumb Code     2  stm32f1xx_it.o(.text.MemManage_Handler)
    NMI_Handler                              0x08001e43   Thumb Code     2  stm32f1xx_it.o(.text.NMI_Handler)
    PendSV_Handler                           0x080020d9   Thumb Code     2  stm32f1xx_it.o(.text.PendSV_Handler)
    Read_ADC_Value                           0x080020dd   Thumb Code   244  sensor.o(.text.Read_ADC_Value)
    Read_Sensor                              0x080021e9   Thumb Code    64  sensor.o(.text.Read_Sensor)
    STEP_Disable                             0x0800222d   Thumb Code    12  bsp_step.o(.text.STEP_Disable)
    STEP_Enable                              0x08002239   Thumb Code    12  bsp_step.o(.text.STEP_Enable)
    STEP_GPIO_Init                           0x08002249   Thumb Code   156  bsp_step.o(.text.STEP_GPIO_Init)
    STEP_PUL_Init                            0x080022f1   Thumb Code   112  bsp_step.o(.text.STEP_PUL_Init)
    SVC_Handler                              0x08002369   Thumb Code     2  stm32f1xx_it.o(.text.SVC_Handler)
    SysTick_Handler                          0x0800236b   Thumb Code     4  stm32f1xx_it.o(.text.SysTick_Handler)
    SystemClock_Config                       0x0800236f   Thumb Code   126  main.o(.text.SystemClock_Config)
    SystemInit                               0x080023ed   Thumb Code     2  system_stm32f1xx.o(.text.SystemInit)
    TIM3_IRQHandler                          0x080023f1   Thumb Code     8  stm32f1xx_it.o(.text.TIM3_IRQHandler)
    TIM_Base_SetConfig                       0x080023fd   Thumb Code   104  stm32f1xx_hal_tim.o(.text.TIM_Base_SetConfig)
    TIM_CCxChannelCmd                        0x0800246d   Thumb Code    30  stm32f1xx_hal_tim.o(.text.TIM_CCxChannelCmd)
    TIM_OC2_SetConfig                        0x080024d9   Thumb Code    88  stm32f1xx_hal_tim.o(.text.TIM_OC2_SetConfig)
    UART_Start_Receive_IT                    0x08002759   Thumb Code    50  stm32f1xx_hal_uart.o(.text.UART_Start_Receive_IT)
    UART_sendErrorInfor                      0x080027e5   Thumb Code    24  bsp_uart.o(.text.UART_sendErrorInfor)
    USART1_IRQHandler                        0x08002805   Thumb Code     8  stm32f1xx_it.o(.text.USART1_IRQHandler)
    UsageFault_Handler                       0x08002811   Thumb Code     2  stm32f1xx_it.o(.text.UsageFault_Handler)
    change_StepDirect                        0x08002815   Thumb Code    24  bsp_step.o(.text.change_StepDirect)
    goHomeStep                               0x0800282d   Thumb Code   132  bsp_step.o(.text.goHomeStep)
    main                                     0x080028bd   Thumb Code  1864  main.o(.text.main)
    run_Step                                 0x08003045   Thumb Code    28  bsp_step.o(.text.run_Step)
    set_StepRotateAngle                      0x08003061   Thumb Code    32  bsp_step.o(.text.set_StepRotateAngle)
    set_StepSpeed                            0x08003085   Thumb Code    76  bsp_step.o(.text.set_StepSpeed)
    stop_Step                                0x080030dd   Thumb Code    28  bsp_step.o(.text.stop_Step)
    __aeabi_d2f                              0x080030fd   Thumb Code     0  d2f.o(x$fpl$d2f)
    _d2f                                     0x080030fd   Thumb Code    98  d2f.o(x$fpl$d2f)
    __fpl_dcmp_Inf                           0x0800315f   Thumb Code    24  dcmpi.o(x$fpl$dcmpinf)
    __aeabi_ddiv                             0x08003179   Thumb Code     0  ddiv.o(x$fpl$ddiv)
    _ddiv                                    0x08003179   Thumb Code   556  ddiv.o(x$fpl$ddiv)
    __aeabi_cdcmpeq                          0x0800342d   Thumb Code     0  deqf.o(x$fpl$deqf)
    _dcmpeq                                  0x0800342d   Thumb Code   120  deqf.o(x$fpl$deqf)
    __aeabi_d2iz                             0x080034a5   Thumb Code     0  dfix.o(x$fpl$dfix)
    _dfix                                    0x080034a5   Thumb Code    94  dfix.o(x$fpl$dfix)
    __aeabi_d2uiz                            0x08003505   Thumb Code     0  dfixu.o(x$fpl$dfixu)
    _dfixu                                   0x08003505   Thumb Code    90  dfixu.o(x$fpl$dfixu)
    __aeabi_i2d                              0x0800355f   Thumb Code     0  dflt_clz.o(x$fpl$dflt)
    _dflt                                    0x0800355f   Thumb Code    46  dflt_clz.o(x$fpl$dflt)
    __aeabi_ui2d                             0x0800358d   Thumb Code     0  dflt_clz.o(x$fpl$dfltu)
    _dfltu                                   0x0800358d   Thumb Code    38  dflt_clz.o(x$fpl$dfltu)
    __aeabi_cdcmpge                          0x080035b5   Thumb Code     0  dgeqf.o(x$fpl$dgeqf)
    _dcmpge                                  0x080035b5   Thumb Code   120  dgeqf.o(x$fpl$dgeqf)
    __aeabi_cdcmple                          0x0800362d   Thumb Code     0  dleqf.o(x$fpl$dleqf)
    _dcmple                                  0x0800362d   Thumb Code   120  dleqf.o(x$fpl$dleqf)
    __fpl_dcmple_InfNaN                      0x0800368f   Thumb Code     0  dleqf.o(x$fpl$dleqf)
    __aeabi_dmul                             0x080036a5   Thumb Code     0  dmul.o(x$fpl$dmul)
    _dmul                                    0x080036a5   Thumb Code   332  dmul.o(x$fpl$dmul)
    __fpl_dnaninf                            0x080037f9   Thumb Code   156  dnaninf.o(x$fpl$dnaninf)
    __fpl_dretinf                            0x08003895   Thumb Code    12  dretinf.o(x$fpl$dretinf)
    __aeabi_f2d                              0x080038a1   Thumb Code     0  f2d.o(x$fpl$f2d)
    _f2d                                     0x080038a1   Thumb Code    86  f2d.o(x$fpl$f2d)
    __aeabi_fadd                             0x080038f9   Thumb Code     0  faddsub_clz.o(x$fpl$fadd)
    _fadd                                    0x080038f9   Thumb Code   196  faddsub_clz.o(x$fpl$fadd)
    __aeabi_dcmpeq                           0x080039bd   Thumb Code     0  dcmp.o(x$fpl$fcmp)
    _deq                                     0x080039bd   Thumb Code    14  dcmp.o(x$fpl$fcmp)
    _dneq                                    0x080039cb   Thumb Code    14  dcmp.o(x$fpl$fcmp)
    __aeabi_dcmpgt                           0x080039d9   Thumb Code     0  dcmp.o(x$fpl$fcmp)
    _dgr                                     0x080039d9   Thumb Code    14  dcmp.o(x$fpl$fcmp)
    __aeabi_dcmpge                           0x080039e7   Thumb Code     0  dcmp.o(x$fpl$fcmp)
    _dgeq                                    0x080039e7   Thumb Code    14  dcmp.o(x$fpl$fcmp)
    __aeabi_dcmple                           0x080039f5   Thumb Code     0  dcmp.o(x$fpl$fcmp)
    _dleq                                    0x080039f5   Thumb Code    14  dcmp.o(x$fpl$fcmp)
    __aeabi_dcmplt                           0x08003a03   Thumb Code     0  dcmp.o(x$fpl$fcmp)
    _dls                                     0x08003a03   Thumb Code    14  dcmp.o(x$fpl$fcmp)
    __aeabi_fdiv                             0x08003a11   Thumb Code     0  fdiv.o(x$fpl$fdiv)
    _fdiv                                    0x08003a11   Thumb Code   384  fdiv.o(x$fpl$fdiv)
    __fpl_fnaninf                            0x08003b95   Thumb Code   140  fnaninf.o(x$fpl$fnaninf)
    __fpl_fretinf                            0x08003c21   Thumb Code    10  fretinf.o(x$fpl$fretinf)
    __aeabi_fsub                             0x08003c2d   Thumb Code     0  faddsub_clz.o(x$fpl$fsub)
    _fsub                                    0x08003c2d   Thumb Code   234  faddsub_clz.o(x$fpl$fsub)
    AHBPrescTable                            0x08003d16   Data          16  system_stm32f1xx.o(.rodata.AHBPrescTable)
    __I$use$fp                               0x08003d16   Number         0  usenofp.o(x$fpl$usenofp)
    APBPrescTable                            0x08003d26   Data           8  system_stm32f1xx.o(.rodata.APBPrescTable)
    Region$$Table$$Base                      0x08003d50   Number         0  anon$$obj.o(Region$$Table)
    Region$$Table$$Limit                     0x08003d70   Number         0  anon$$obj.o(Region$$Table)
    uwTickFreq                               0x20000000   Data           1  stm32f1xx_hal.o(.data..L_MergedGlobals)
    uwTickPrio                               0x20000004   Data           4  stm32f1xx_hal.o(.data..L_MergedGlobals)
    SystemCoreClock                          0x20000008   Data           4  system_stm32f1xx.o(.data.SystemCoreClock)
    speed                                    0x2000000c   Data           1  bts7960_driver.o(.data.speed)
    __libspace_start                         0x20000010   Data          96  libspace.o(.bss)
    __temporary_stack_top$libspace           0x20000070   Data           0  libspace.o(.bss)
    step                                     0x20000070   Data           1  main.o(.bss..L_MergedGlobals)
    DC_Driver_Go_Middle                      0x20000071   Data           1  main.o(.bss..L_MergedGlobals)
    UART_Available                           0x20000072   Data           1  main.o(.bss..L_MergedGlobals)
    CanOrBottle                              0x20000073   Data           1  main.o(.bss..L_MergedGlobals)
    HanhTrinhStep                            0x20000074   Data           1  main.o(.bss..L_MergedGlobals)
    DC_OPERATING                             0x20000075   Data           1  main.o(.bss..L_MergedGlobals)
    countBottle                              0x20000078   Data           4  main.o(.bss..L_MergedGlobals)
    countCan                                 0x2000007c   Data           4  main.o(.bss..L_MergedGlobals)
    Timer_Count                              0x20000080   Data           4  main.o(.bss..L_MergedGlobals)
    Step7_Timer_Count                        0x20000084   Data           4  main.o(.bss..L_MergedGlobals)
    Prev_Timer_Count                         0x20000088   Data           4  main.o(.bss..L_MergedGlobals)
    Step7_Prev_Timer_Count                   0x2000008c   Data           4  main.o(.bss..L_MergedGlobals)
    ErrorCount                               0x20000090   Data           4  main.o(.bss..L_MergedGlobals)
    DC_Driver_CurTime                        0x20000094   Data           4  main.o(.bss..L_MergedGlobals)
    DC_Driver_PrevTime                       0x20000098   Data           4  main.o(.bss..L_MergedGlobals)
    checkADC                                 0x2000009c   Data           4  main.o(.bss..L_MergedGlobals)
    checkADC2                                0x200000a0   Data           4  main.o(.bss..L_MergedGlobals)
    data_rx                                  0x200000a4   Data           8  main.o(.bss..L_MergedGlobals)
    hadc1                                    0x200000ac   Data          48  main.o(.bss..L_MergedGlobals)
    isFinished                               0x200000dc   Data           1  bsp_step.o(.bss..L_MergedGlobals)
    startGoHome                              0x200000dd   Data           1  bsp_step.o(.bss..L_MergedGlobals)
    angle                                    0x200000de   Data           2  bsp_step.o(.bss..L_MergedGlobals)
    aHalfOfSpeed                             0x200000e0   Data           4  bsp_step.o(.bss..L_MergedGlobals)
    count                                    0x200000e4   Data           4  bsp_step.o(.bss..L_MergedGlobals)
    checkTimeout                             0x200000e8   Data           4  bsp_step.o(.bss..L_MergedGlobals)
    adc_value                                0x200000ec   Data           2  sensor.o(.bss..L_MergedGlobals)
    Vin                                      0x200000f0   Data           4  sensor.o(.bss..L_MergedGlobals)
    hadc2                                    0x200000f4   Data          48  main.o(.bss..L_MergedGlobals.3)
    huart1                                   0x20000124   Data          72  main.o(.bss..L_MergedGlobals.3)
    hdma_usart1_rx                           0x2000016c   Data          68  main.o(.bss.hdma_usart1_rx)
    htim1                                    0x200001b0   Data          72  main.o(.bss.htim1)
    htim3                                    0x200001f8   Data          72  main.o(.bss.htim3)
    huart3                                   0x20000240   Data          72  main.o(.bss.huart3)
    uwTick                                   0x20000288   Data           4  stm32f1xx_hal.o(.bss.uwTick)



==============================================================================

Memory Map of the image

  Image Entry point : 0x080000ed

  Load Region LR_IROM1 (Base: 0x08000000, Size: 0x00003d80, Max: 0x00010000, ABSOLUTE)

    Execution Region ER_IROM1 (Exec base: 0x08000000, Load base: 0x08000000, Size: 0x00003d70, Max: 0x00010000, ABSOLUTE)

    Exec Addr    Load Addr    Size         Type   Attr      Idx    E Section Name        Object

    0x08000000   0x08000000   0x000000ec   Data   RO            3    RESET               startup_stm32f103xb.o
    0x080000ec   0x080000ec   0x00000008   Code   RO         1456  * !!!main             c_w.l(__main.o)
    0x080000f4   0x080000f4   0x00000034   Code   RO         1674    !!!scatter          c_w.l(__scatter.o)
    0x08000128   0x08000128   0x0000001a   Code   RO         1676    !!handler_copy      c_w.l(__scatter_copy.o)
    0x08000142   0x08000142   0x00000002   PAD
    0x08000144   0x08000144   0x0000001c   Code   RO         1678    !!handler_zi        c_w.l(__scatter_zi.o)
    0x08000160   0x08000160   0x00000002   Code   RO         1536    .ARM.Collect$$libinit$$00000000  c_w.l(libinit.o)
    0x08000162   0x08000162   0x00000000   Code   RO         1543    .ARM.Collect$$libinit$$00000002  c_w.l(libinit2.o)
    0x08000162   0x08000162   0x00000000   Code   RO         1545    .ARM.Collect$$libinit$$00000004  c_w.l(libinit2.o)
    0x08000162   0x08000162   0x00000000   Code   RO         1547    .ARM.Collect$$libinit$$00000006  c_w.l(libinit2.o)
    0x08000162   0x08000162   0x00000000   Code   RO         1550    .ARM.Collect$$libinit$$0000000C  c_w.l(libinit2.o)
    0x08000162   0x08000162   0x00000000   Code   RO         1552    .ARM.Collect$$libinit$$0000000E  c_w.l(libinit2.o)
    0x08000162   0x08000162   0x00000000   Code   RO         1554    .ARM.Collect$$libinit$$00000010  c_w.l(libinit2.o)
    0x08000162   0x08000162   0x00000000   Code   RO         1557    .ARM.Collect$$libinit$$00000013  c_w.l(libinit2.o)
    0x08000162   0x08000162   0x00000000   Code   RO         1559    .ARM.Collect$$libinit$$00000015  c_w.l(libinit2.o)
    0x08000162   0x08000162   0x00000000   Code   RO         1561    .ARM.Collect$$libinit$$00000017  c_w.l(libinit2.o)
    0x08000162   0x08000162   0x00000000   Code   RO         1563    .ARM.Collect$$libinit$$00000019  c_w.l(libinit2.o)
    0x08000162   0x08000162   0x00000000   Code   RO         1565    .ARM.Collect$$libinit$$0000001B  c_w.l(libinit2.o)
    0x08000162   0x08000162   0x00000000   Code   RO         1567    .ARM.Collect$$libinit$$0000001D  c_w.l(libinit2.o)
    0x08000162   0x08000162   0x00000000   Code   RO         1569    .ARM.Collect$$libinit$$0000001F  c_w.l(libinit2.o)
    0x08000162   0x08000162   0x00000000   Code   RO         1571    .ARM.Collect$$libinit$$00000021  c_w.l(libinit2.o)
    0x08000162   0x08000162   0x00000000   Code   RO         1573    .ARM.Collect$$libinit$$00000023  c_w.l(libinit2.o)
    0x08000162   0x08000162   0x00000000   Code   RO         1575    .ARM.Collect$$libinit$$00000025  c_w.l(libinit2.o)
    0x08000162   0x08000162   0x00000000   Code   RO         1577    .ARM.Collect$$libinit$$00000027  c_w.l(libinit2.o)
    0x08000162   0x08000162   0x00000000   Code   RO         1581    .ARM.Collect$$libinit$$0000002E  c_w.l(libinit2.o)
    0x08000162   0x08000162   0x00000000   Code   RO         1583    .ARM.Collect$$libinit$$00000030  c_w.l(libinit2.o)
    0x08000162   0x08000162   0x00000000   Code   RO         1585    .ARM.Collect$$libinit$$00000032  c_w.l(libinit2.o)
    0x08000162   0x08000162   0x00000000   Code   RO         1587    .ARM.Collect$$libinit$$00000034  c_w.l(libinit2.o)
    0x08000162   0x08000162   0x00000002   Code   RO         1588    .ARM.Collect$$libinit$$00000035  c_w.l(libinit2.o)
    0x08000164   0x08000164   0x00000002   Code   RO         1610    .ARM.Collect$$libshutdown$$00000000  c_w.l(libshutdown.o)
    0x08000166   0x08000166   0x00000000   Code   RO         1625    .ARM.Collect$$libshutdown$$00000002  c_w.l(libshutdown2.o)
    0x08000166   0x08000166   0x00000000   Code   RO         1627    .ARM.Collect$$libshutdown$$00000004  c_w.l(libshutdown2.o)
    0x08000166   0x08000166   0x00000000   Code   RO         1630    .ARM.Collect$$libshutdown$$00000007  c_w.l(libshutdown2.o)
    0x08000166   0x08000166   0x00000000   Code   RO         1633    .ARM.Collect$$libshutdown$$0000000A  c_w.l(libshutdown2.o)
    0x08000166   0x08000166   0x00000000   Code   RO         1635    .ARM.Collect$$libshutdown$$0000000C  c_w.l(libshutdown2.o)
    0x08000166   0x08000166   0x00000000   Code   RO         1638    .ARM.Collect$$libshutdown$$0000000F  c_w.l(libshutdown2.o)
    0x08000166   0x08000166   0x00000002   Code   RO         1639    .ARM.Collect$$libshutdown$$00000010  c_w.l(libshutdown2.o)
    0x08000168   0x08000168   0x00000000   Code   RO         1494    .ARM.Collect$$rtentry$$00000000  c_w.l(__rtentry.o)
    0x08000168   0x08000168   0x00000000   Code   RO         1511    .ARM.Collect$$rtentry$$00000002  c_w.l(__rtentry2.o)
    0x08000168   0x08000168   0x00000006   Code   RO         1523    .ARM.Collect$$rtentry$$00000004  c_w.l(__rtentry4.o)
    0x0800016e   0x0800016e   0x00000000   Code   RO         1513    .ARM.Collect$$rtentry$$00000009  c_w.l(__rtentry2.o)
    0x0800016e   0x0800016e   0x00000004   Code   RO         1514    .ARM.Collect$$rtentry$$0000000A  c_w.l(__rtentry2.o)
    0x08000172   0x08000172   0x00000000   Code   RO         1516    .ARM.Collect$$rtentry$$0000000C  c_w.l(__rtentry2.o)
    0x08000172   0x08000172   0x00000008   Code   RO         1517    .ARM.Collect$$rtentry$$0000000D  c_w.l(__rtentry2.o)
    0x0800017a   0x0800017a   0x00000002   Code   RO         1540    .ARM.Collect$$rtexit$$00000000  c_w.l(rtexit.o)
    0x0800017c   0x0800017c   0x00000000   Code   RO         1590    .ARM.Collect$$rtexit$$00000002  c_w.l(rtexit2.o)
    0x0800017c   0x0800017c   0x00000004   Code   RO         1591    .ARM.Collect$$rtexit$$00000003  c_w.l(rtexit2.o)
    0x08000180   0x08000180   0x00000006   Code   RO         1592    .ARM.Collect$$rtexit$$00000004  c_w.l(rtexit2.o)
    0x08000186   0x08000186   0x00000002   PAD
    0x08000188   0x08000188   0x00000040   Code   RO            4    .text               startup_stm32f103xb.o
    0x080001c8   0x080001c8   0x0000004e   Code   RO         1452    .text               c_w.l(rt_memclr_w.o)
    0x08000216   0x08000216   0x00000006   Code   RO         1454    .text               c_w.l(heapauxi.o)
    0x0800021c   0x0800021c   0x0000004a   Code   RO         1527    .text               c_w.l(sys_stackheap_outer.o)
    0x08000266   0x08000266   0x00000012   Code   RO         1529    .text               c_w.l(exit.o)
    0x08000278   0x08000278   0x00000008   Code   RO         1537    .text               c_w.l(libspace.o)
    0x08000280   0x08000280   0x0000000c   Code   RO         1600    .text               c_w.l(sys_exit.o)
    0x0800028c   0x0800028c   0x00000002   Code   RO         1615    .text               c_w.l(use_no_semi.o)
    0x0800028e   0x0800028e   0x00000000   Code   RO         1617    .text               c_w.l(indicate_semi.o)
    0x0800028e   0x0800028e   0x0000004c   Code   RO          121    .text.ADC_ConversionStop_Disable  stm32f1xx_hal_adc.o
    0x080002da   0x080002da   0x00000002   PAD
    0x080002dc   0x080002dc   0x0000006c   Code   RO          129    .text.ADC_Enable    stm32f1xx_hal_adc.o
    0x08000348   0x08000348   0x00000002   Code   RO           50    .text.BusFault_Handler  stm32f1xx_it.o
    0x0800034a   0x0800034a   0x00000002   PAD
    0x0800034c   0x0800034c   0x00000018   Code   RO         1347    .text.DC_Driver_PWM_Init  bts7960_driver.o
    0x08000364   0x08000364   0x00000024   Code   RO         1353    .text.DC_Driver_Run  bts7960_driver.o
    0x08000388   0x08000388   0x00000048   Code   RO         1349    .text.DC_Driver_SetDir  bts7960_driver.o
    0x080003d0   0x080003d0   0x0000000c   Code   RO         1351    .text.DC_Driver_SetSpeed  bts7960_driver.o
    0x080003dc   0x080003dc   0x0000000c   Code   RO         1355    .text.DC_Driver_Stop  bts7960_driver.o
    0x080003e8   0x080003e8   0x0000000c   Code   RO           62    .text.DMA1_Channel5_IRQHandler  stm32f1xx_it.o
    0x080003f4   0x080003f4   0x00000002   Code   RO           56    .text.DebugMon_Handler  stm32f1xx_it.o
    0x080003f6   0x080003f6   0x00000008   Code   RO           17    .text.Error_Handler  main.o
    0x080003fe   0x080003fe   0x00000002   PAD
    0x08000400   0x08000400   0x00000104   Code   RO          163    .text.HAL_ADC_ConfigChannel  stm32f1xx_hal_adc.o
    0x08000504   0x08000504   0x00000006   Code   RO          151    .text.HAL_ADC_GetValue  stm32f1xx_hal_adc.o
    0x0800050a   0x0800050a   0x00000002   PAD
    0x0800050c   0x0800050c   0x000000fc   Code   RO          117    .text.HAL_ADC_Init  stm32f1xx_hal_adc.o
    0x08000608   0x08000608   0x0000006c   Code   RO           77    .text.HAL_ADC_MspInit  stm32f1xx_hal_msp.o
    0x08000674   0x08000674   0x00000130   Code   RO          133    .text.HAL_ADC_PollForConversion  stm32f1xx_hal_adc.o
    0x080007a4   0x080007a4   0x000000a4   Code   RO          127    .text.HAL_ADC_Start  stm32f1xx_hal_adc.o
    0x08000848   0x08000848   0x00000022   Code   RO          131    .text.HAL_ADC_Stop  stm32f1xx_hal_adc.o
    0x0800086a   0x0800086a   0x00000040   Code   RO          393    .text.HAL_DMA_Abort  stm32f1xx_hal_dma.o
    0x080008aa   0x080008aa   0x00000002   PAD
    0x080008ac   0x080008ac   0x00000088   Code   RO          395    .text.HAL_DMA_Abort_IT  stm32f1xx_hal_dma.o
    0x08000934   0x08000934   0x00000130   Code   RO          399    .text.HAL_DMA_IRQHandler  stm32f1xx_hal_dma.o
    0x08000a64   0x08000a64   0x0000006c   Code   RO          383    .text.HAL_DMA_Init  stm32f1xx_hal_dma.o
    0x08000ad0   0x08000ad0   0x00000020   Code   RO          259    .text.HAL_Delay     stm32f1xx_hal.o
    0x08000af0   0x08000af0   0x000001b0   Code   RO          359    .text.HAL_GPIO_Init  stm32f1xx_hal_gpio.o
    0x08000ca0   0x08000ca0   0x0000000a   Code   RO          363    .text.HAL_GPIO_ReadPin  stm32f1xx_hal_gpio.o
    0x08000caa   0x08000caa   0x0000000a   Code   RO          365    .text.HAL_GPIO_WritePin  stm32f1xx_hal_gpio.o
    0x08000cb4   0x08000cb4   0x00000008   Code   RO          251    .text.HAL_GetTick   stm32f1xx_hal.o
    0x08000cbc   0x08000cbc   0x00000014   Code   RO          249    .text.HAL_IncTick   stm32f1xx_hal.o
    0x08000cd0   0x08000cd0   0x00000024   Code   RO          239    .text.HAL_Init      stm32f1xx_hal.o
    0x08000cf4   0x08000cf4   0x0000003c   Code   RO          241    .text.HAL_InitTick  stm32f1xx_hal.o
    0x08000d30   0x08000d30   0x00000040   Code   RO           75    .text.HAL_MspInit   stm32f1xx_hal_msp.o
    0x08000d70   0x08000d70   0x00000020   Code   RO          425    .text.HAL_NVIC_EnableIRQ  stm32f1xx_hal_cortex.o
    0x08000d90   0x08000d90   0x0000004c   Code   RO          423    .text.HAL_NVIC_SetPriority  stm32f1xx_hal_cortex.o
    0x08000ddc   0x08000ddc   0x00000020   Code   RO          421    .text.HAL_NVIC_SetPriorityGrouping  stm32f1xx_hal_cortex.o
    0x08000dfc   0x08000dfc   0x000000b8   Code   RO          349    .text.HAL_RCCEx_GetPeriphCLKFreq  stm32f1xx_hal_rcc_ex.o
    0x08000eb4   0x08000eb4   0x000000e4   Code   RO          345    .text.HAL_RCCEx_PeriphCLKConfig  stm32f1xx_hal_rcc_ex.o
    0x08000f98   0x08000f98   0x00000140   Code   RO          307    .text.HAL_RCC_ClockConfig  stm32f1xx_hal_rcc.o
    0x080010d8   0x080010d8   0x00000014   Code   RO          319    .text.HAL_RCC_GetPCLK1Freq  stm32f1xx_hal_rcc.o
    0x080010ec   0x080010ec   0x0000001c   Code   RO          321    .text.HAL_RCC_GetPCLK2Freq  stm32f1xx_hal_rcc.o
    0x08001108   0x08001108   0x00000054   Code   RO          309    .text.HAL_RCC_GetSysClockFreq  stm32f1xx_hal_rcc.o
    0x0800115c   0x0800115c   0x000002fc   Code   RO          305    .text.HAL_RCC_OscConfig  stm32f1xx_hal_rcc.o
    0x08001458   0x08001458   0x00000028   Code   RO          433    .text.HAL_SYSTICK_Config  stm32f1xx_hal_cortex.o
    0x08001480   0x08001480   0x00000002   Code   RO         1047    .text.HAL_TIMEx_BreakCallback  stm32f1xx_hal_tim_ex.o
    0x08001482   0x08001482   0x00000002   Code   RO         1043    .text.HAL_TIMEx_CommutCallback  stm32f1xx_hal_tim_ex.o
    0x08001484   0x08001484   0x0000004e   Code   RO         1039    .text.HAL_TIMEx_ConfigBreakDeadTime  stm32f1xx_hal_tim_ex.o
    0x080014d2   0x080014d2   0x00000002   PAD
    0x080014d4   0x080014d4   0x00000054   Code   RO         1037    .text.HAL_TIMEx_MasterConfigSynchronization  stm32f1xx_hal_tim_ex.o
    0x08001528   0x08001528   0x00000002   Code   RO          738    .text.HAL_TIM_IC_CaptureCallback  stm32f1xx_hal_tim.o
    0x0800152a   0x0800152a   0x00000126   Code   RO          736    .text.HAL_TIM_IRQHandler  stm32f1xx_hal_tim.o
    0x08001650   0x08001650   0x00000040   Code   RO           83    .text.HAL_TIM_MspPostInit  stm32f1xx_hal_msp.o
    0x08001690   0x08001690   0x00000002   Code   RO          740    .text.HAL_TIM_OC_DelayElapsedCallback  stm32f1xx_hal_tim.o
    0x08001692   0x08001692   0x00000002   PAD
    0x08001694   0x08001694   0x0000008a   Code   RO          764    .text.HAL_TIM_PWM_ConfigChannel  stm32f1xx_hal_tim.o
    0x0800171e   0x0800171e   0x0000001e   Code   RO          656    .text.HAL_TIM_PWM_Init  stm32f1xx_hal_tim.o
    0x0800173c   0x0800173c   0x00000054   Code   RO           81    .text.HAL_TIM_PWM_MspInit  stm32f1xx_hal_msp.o
    0x08001790   0x08001790   0x00000038   Code   RO         1320    .text.HAL_TIM_PWM_PulseFinishedCallback  bsp_step.o
    0x080017c8   0x080017c8   0x00000090   Code   RO          664    .text.HAL_TIM_PWM_Start  stm32f1xx_hal_tim.o
    0x08001858   0x08001858   0x0000009c   Code   RO          668    .text.HAL_TIM_PWM_Start_IT  stm32f1xx_hal_tim.o
    0x080018f4   0x080018f4   0x00000002   Code   RO          744    .text.HAL_TIM_PeriodElapsedCallback  stm32f1xx_hal_tim.o
    0x080018f6   0x080018f6   0x00000002   Code   RO          746    .text.HAL_TIM_TriggerCallback  stm32f1xx_hal_tim.o
    0x080018f8   0x080018f8   0x00000002   Code   RO         1217    .text.HAL_UARTEx_RxEventCallback  stm32f1xx_hal_uart.o
    0x080018fa   0x080018fa   0x00000002   Code   RO         1215    .text.HAL_UART_ErrorCallback  stm32f1xx_hal_uart.o
    0x080018fc   0x080018fc   0x0000023c   Code   RO         1209    .text.HAL_UART_IRQHandler  stm32f1xx_hal_uart.o
    0x08001b38   0x08001b38   0x0000002c   Code   RO         1125    .text.HAL_UART_Init  stm32f1xx_hal_uart.o
    0x08001b64   0x08001b64   0x00000124   Code   RO           87    .text.HAL_UART_MspInit  stm32f1xx_hal_msp.o
    0x08001c88   0x08001c88   0x00000022   Code   RO         1149    .text.HAL_UART_Receive_IT  stm32f1xx_hal_uart.o
    0x08001caa   0x08001caa   0x00000002   PAD
    0x08001cac   0x08001cac   0x00000024   Code   RO           11    .text.HAL_UART_RxCpltCallback  main.o
    0x08001cd0   0x08001cd0   0x000000a4   Code   RO         1141    .text.HAL_UART_Transmit  stm32f1xx_hal_uart.o
    0x08001d74   0x08001d74   0x00000002   Code   RO         1219    .text.HAL_UART_TxCpltCallback  stm32f1xx_hal_uart.o
    0x08001d76   0x08001d76   0x00000002   Code   RO           46    .text.HardFault_Handler  stm32f1xx_it.o
    0x08001d78   0x08001d78   0x00000020   Code   RO         1372    .text.Led_All_Off   led5050.o
    0x08001d98   0x08001d98   0x0000000c   Code   RO         1384    .text.Led_Green_Off  led5050.o
    0x08001da4   0x08001da4   0x00000020   Code   RO         1382    .text.Led_Green_On  led5050.o
    0x08001dc4   0x08001dc4   0x0000000c   Code   RO         1376    .text.Led_Red_Off   led5050.o
    0x08001dd0   0x08001dd0   0x00000020   Code   RO         1374    .text.Led_Red_On    led5050.o
    0x08001df0   0x08001df0   0x00000028   Code   RO         1380    .text.Led_Yellow_Off  led5050.o
    0x08001e18   0x08001e18   0x00000028   Code   RO         1378    .text.Led_Yellow_On  led5050.o
    0x08001e40   0x08001e40   0x00000002   Code   RO           48    .text.MemManage_Handler  stm32f1xx_it.o
    0x08001e42   0x08001e42   0x00000002   Code   RO           44    .text.NMI_Handler   stm32f1xx_it.o
    0x08001e44   0x08001e44   0x0000000a   Code   RO           19    .text.OUTLINED_FUNCTION_0  main.o
    0x08001e4e   0x08001e4e   0x00000014   Code   RO           91    .text.OUTLINED_FUNCTION_0  stm32f1xx_hal_msp.o
    0x08001e62   0x08001e62   0x0000000c   Code   RO          171    .text.OUTLINED_FUNCTION_0  stm32f1xx_hal_adc.o
    0x08001e6e   0x08001e6e   0x00000010   Code   RO          331    .text.OUTLINED_FUNCTION_0  stm32f1xx_hal_rcc.o
    0x08001e7e   0x08001e7e   0x00000014   Code   RO         1245    .text.OUTLINED_FUNCTION_0  stm32f1xx_hal_uart.o
    0x08001e92   0x08001e92   0x0000000a   Code   RO         1336    .text.OUTLINED_FUNCTION_0  bsp_step.o
    0x08001e9c   0x08001e9c   0x0000000a   Code   RO         1386    .text.OUTLINED_FUNCTION_0  led5050.o
    0x08001ea6   0x08001ea6   0x0000000a   Code   RO         1409    .text.OUTLINED_FUNCTION_0  sensor.o
    0x08001eb0   0x08001eb0   0x0000000a   Code   RO           21    .text.OUTLINED_FUNCTION_1  main.o
    0x08001eba   0x08001eba   0x0000000e   Code   RO           93    .text.OUTLINED_FUNCTION_1  stm32f1xx_hal_msp.o
    0x08001ec8   0x08001ec8   0x0000000c   Code   RO          173    .text.OUTLINED_FUNCTION_1  stm32f1xx_hal_adc.o
    0x08001ed4   0x08001ed4   0x00000010   Code   RO          333    .text.OUTLINED_FUNCTION_1  stm32f1xx_hal_rcc.o
    0x08001ee4   0x08001ee4   0x0000000e   Code   RO          455    .text.OUTLINED_FUNCTION_1  stm32f1xx_hal_cortex.o
    0x08001ef2   0x08001ef2   0x0000002e   Code   RO          836    .text.OUTLINED_FUNCTION_1  stm32f1xx_hal_tim.o
    0x08001f20   0x08001f20   0x00000014   Code   RO         1247    .text.OUTLINED_FUNCTION_1  stm32f1xx_hal_uart.o
    0x08001f34   0x08001f34   0x0000000a   Code   RO         1388    .text.OUTLINED_FUNCTION_1  led5050.o
    0x08001f3e   0x08001f3e   0x00000014   Code   RO         1265    .text.OUTLINED_FUNCTION_10  stm32f1xx_hal_uart.o
    0x08001f52   0x08001f52   0x0000000a   Code   RO          856    .text.OUTLINED_FUNCTION_11  stm32f1xx_hal_tim.o
    0x08001f5c   0x08001f5c   0x00000014   Code   RO         1267    .text.OUTLINED_FUNCTION_11  stm32f1xx_hal_uart.o
    0x08001f70   0x08001f70   0x00000012   Code   RO          858    .text.OUTLINED_FUNCTION_12  stm32f1xx_hal_tim.o
    0x08001f82   0x08001f82   0x00000008   Code   RO         1277    .text.OUTLINED_FUNCTION_16  stm32f1xx_hal_uart.o
    0x08001f8a   0x08001f8a   0x0000000a   Code   RO         1279    .text.OUTLINED_FUNCTION_17  stm32f1xx_hal_uart.o
    0x08001f94   0x08001f94   0x00000006   Code   RO          872    .text.OUTLINED_FUNCTION_19  stm32f1xx_hal_tim.o
    0x08001f9a   0x08001f9a   0x00000006   Code   RO           23    .text.OUTLINED_FUNCTION_2  main.o
    0x08001fa0   0x08001fa0   0x0000000a   Code   RO          175    .text.OUTLINED_FUNCTION_2  stm32f1xx_hal_adc.o
    0x08001faa   0x08001faa   0x0000000a   Code   RO          335    .text.OUTLINED_FUNCTION_2  stm32f1xx_hal_rcc.o
    0x08001fb4   0x08001fb4   0x00000014   Code   RO         1249    .text.OUTLINED_FUNCTION_2  stm32f1xx_hal_uart.o
    0x08001fc8   0x08001fc8   0x0000000a   Code   RO         1390    .text.OUTLINED_FUNCTION_2  led5050.o
    0x08001fd2   0x08001fd2   0x0000000a   Code   RO          886    .text.OUTLINED_FUNCTION_26  stm32f1xx_hal_tim.o
    0x08001fdc   0x08001fdc   0x0000000a   Code   RO          890    .text.OUTLINED_FUNCTION_28  stm32f1xx_hal_tim.o
    0x08001fe6   0x08001fe6   0x00000006   Code   RO           25    .text.OUTLINED_FUNCTION_3  main.o
    0x08001fec   0x08001fec   0x00000012   Code   RO          177    .text.OUTLINED_FUNCTION_3  stm32f1xx_hal_adc.o
    0x08001ffe   0x08001ffe   0x00000014   Code   RO          898    .text.OUTLINED_FUNCTION_32  stm32f1xx_hal_tim.o
    0x08002012   0x08002012   0x00000008   Code   RO          179    .text.OUTLINED_FUNCTION_4  stm32f1xx_hal_adc.o
    0x0800201a   0x0800201a   0x00000016   Code   RO         1253    .text.OUTLINED_FUNCTION_4  stm32f1xx_hal_uart.o
    0x08002030   0x08002030   0x0000000a   Code   RO          930    .text.OUTLINED_FUNCTION_48  stm32f1xx_hal_tim.o
    0x0800203a   0x0800203a   0x00000010   Code   RO          181    .text.OUTLINED_FUNCTION_5  stm32f1xx_hal_adc.o
    0x0800204a   0x0800204a   0x00000008   Code   RO         1255    .text.OUTLINED_FUNCTION_5  stm32f1xx_hal_uart.o
    0x08002052   0x08002052   0x00000010   Code   RO          936    .text.OUTLINED_FUNCTION_51  stm32f1xx_hal_tim.o
    0x08002062   0x08002062   0x00000006   Code   RO          940    .text.OUTLINED_FUNCTION_53  stm32f1xx_hal_tim.o
    0x08002068   0x08002068   0x0000000e   Code   RO          183    .text.OUTLINED_FUNCTION_6  stm32f1xx_hal_adc.o
    0x08002076   0x08002076   0x0000001c   Code   RO         1257    .text.OUTLINED_FUNCTION_6  stm32f1xx_hal_uart.o
    0x08002092   0x08002092   0x0000000a   Code   RO          958    .text.OUTLINED_FUNCTION_62  stm32f1xx_hal_tim.o
    0x0800209c   0x0800209c   0x0000000a   Code   RO          185    .text.OUTLINED_FUNCTION_7  stm32f1xx_hal_adc.o
    0x080020a6   0x080020a6   0x0000000e   Code   RO          848    .text.OUTLINED_FUNCTION_7  stm32f1xx_hal_tim.o
    0x080020b4   0x080020b4   0x0000000c   Code   RO         1259    .text.OUTLINED_FUNCTION_7  stm32f1xx_hal_uart.o
    0x080020c0   0x080020c0   0x0000000e   Code   RO          187    .text.OUTLINED_FUNCTION_8  stm32f1xx_hal_adc.o
    0x080020ce   0x080020ce   0x0000000a   Code   RO          852    .text.OUTLINED_FUNCTION_9  stm32f1xx_hal_tim.o
    0x080020d8   0x080020d8   0x00000002   Code   RO           58    .text.PendSV_Handler  stm32f1xx_it.o
    0x080020da   0x080020da   0x00000002   PAD
    0x080020dc   0x080020dc   0x0000010c   Code   RO         1403    .text.Read_ADC_Value  sensor.o
    0x080021e8   0x080021e8   0x00000044   Code   RO         1405    .text.Read_Sensor   sensor.o
    0x0800222c   0x0800222c   0x0000000c   Code   RO         1314    .text.STEP_Disable  bsp_step.o
    0x08002238   0x08002238   0x00000010   Code   RO         1316    .text.STEP_Enable   bsp_step.o
    0x08002248   0x08002248   0x000000a8   Code   RO         1310    .text.STEP_GPIO_Init  bsp_step.o
    0x080022f0   0x080022f0   0x00000078   Code   RO         1318    .text.STEP_PUL_Init  bsp_step.o
    0x08002368   0x08002368   0x00000002   Code   RO           54    .text.SVC_Handler   stm32f1xx_it.o
    0x0800236a   0x0800236a   0x00000004   Code   RO           60    .text.SysTick_Handler  stm32f1xx_it.o
    0x0800236e   0x0800236e   0x0000007e   Code   RO           15    .text.SystemClock_Config  main.o
    0x080023ec   0x080023ec   0x00000002   Code   RO         1295    .text.SystemInit    system_stm32f1xx.o
    0x080023ee   0x080023ee   0x00000002   PAD
    0x080023f0   0x080023f0   0x0000000c   Code   RO           64    .text.TIM3_IRQHandler  stm32f1xx_it.o
    0x080023fc   0x080023fc   0x00000070   Code   RO          606    .text.TIM_Base_SetConfig  stm32f1xx_hal_tim.o
    0x0800246c   0x0800246c   0x0000001e   Code   RO          640    .text.TIM_CCxChannelCmd  stm32f1xx_hal_tim.o
    0x0800248a   0x0800248a   0x00000002   PAD
    0x0800248c   0x0800248c   0x0000004c   Code   RO          750    .text.TIM_OC1_SetConfig  stm32f1xx_hal_tim.o
    0x080024d8   0x080024d8   0x00000058   Code   RO          752    .text.TIM_OC2_SetConfig  stm32f1xx_hal_tim.o
    0x08002530   0x08002530   0x00000054   Code   RO          754    .text.TIM_OC3_SetConfig  stm32f1xx_hal_tim.o
    0x08002584   0x08002584   0x00000044   Code   RO          756    .text.TIM_OC4_SetConfig  stm32f1xx_hal_tim.o
    0x080025c8   0x080025c8   0x0000000c   Code   RO         1213    .text.UART_DMAAbortOnError  stm32f1xx_hal_uart.o
    0x080025d4   0x080025d4   0x00000042   Code   RO         1173    .text.UART_EndRxTransfer  stm32f1xx_hal_uart.o
    0x08002616   0x08002616   0x000000be   Code   RO         1211    .text.UART_Receive_IT  stm32f1xx_hal_uart.o
    0x080026d4   0x080026d4   0x00000084   Code   RO         1129    .text.UART_SetConfig  stm32f1xx_hal_uart.o
    0x08002758   0x08002758   0x00000032   Code   RO         1151    .text.UART_Start_Receive_IT  stm32f1xx_hal_uart.o
    0x0800278a   0x0800278a   0x0000005a   Code   RO         1143    .text.UART_WaitOnFlagUntilTimeout  stm32f1xx_hal_uart.o
    0x080027e4   0x080027e4   0x00000020   Code   RO         1426    .text.UART_sendErrorInfor  bsp_uart.o
    0x08002804   0x08002804   0x0000000c   Code   RO           66    .text.USART1_IRQHandler  stm32f1xx_it.o
    0x08002810   0x08002810   0x00000002   Code   RO           52    .text.UsageFault_Handler  stm32f1xx_it.o
    0x08002812   0x08002812   0x00000002   PAD
    0x08002814   0x08002814   0x00000018   Code   RO         1326    .text.change_StepDirect  bsp_step.o
    0x0800282c   0x0800282c   0x00000090   Code   RO         1332    .text.goHomeStep    bsp_step.o
    0x080028bc   0x080028bc   0x00000788   Code   RO           13    .text.main          main.o
    0x08003044   0x08003044   0x0000001c   Code   RO         1328    .text.run_Step      bsp_step.o
    0x08003060   0x08003060   0x00000024   Code   RO         1322    .text.set_StepRotateAngle  bsp_step.o
    0x08003084   0x08003084   0x00000058   Code   RO         1324    .text.set_StepSpeed  bsp_step.o
    0x080030dc   0x080030dc   0x00000020   Code   RO         1330    .text.stop_Step     bsp_step.o
    0x080030fc   0x080030fc   0x00000062   Code   RO         1458    x$fpl$d2f           fz_ws.l(d2f.o)
    0x0800315e   0x0800315e   0x00000018   Code   RO         1525    x$fpl$dcmpinf       fz_ws.l(dcmpi.o)
    0x08003176   0x08003176   0x00000002   PAD
    0x08003178   0x08003178   0x000002b4   Code   RO         1463    x$fpl$ddiv          fz_ws.l(ddiv.o)
    0x0800342c   0x0800342c   0x00000078   Code   RO         1495    x$fpl$deqf          fz_ws.l(deqf.o)
    0x080034a4   0x080034a4   0x0000005e   Code   RO         1466    x$fpl$dfix          fz_ws.l(dfix.o)
    0x08003502   0x08003502   0x00000002   PAD
    0x08003504   0x08003504   0x0000005a   Code   RO         1470    x$fpl$dfixu         fz_ws.l(dfixu.o)
    0x0800355e   0x0800355e   0x0000002e   Code   RO         1475    x$fpl$dflt          fz_ws.l(dflt_clz.o)
    0x0800358c   0x0800358c   0x00000026   Code   RO         1474    x$fpl$dfltu         fz_ws.l(dflt_clz.o)
    0x080035b2   0x080035b2   0x00000002   PAD
    0x080035b4   0x080035b4   0x00000078   Code   RO         1497    x$fpl$dgeqf         fz_ws.l(dgeqf.o)
    0x0800362c   0x0800362c   0x00000078   Code   RO         1499    x$fpl$dleqf         fz_ws.l(dleqf.o)
    0x080036a4   0x080036a4   0x00000154   Code   RO         1480    x$fpl$dmul          fz_ws.l(dmul.o)
    0x080037f8   0x080037f8   0x0000009c   Code   RO         1501    x$fpl$dnaninf       fz_ws.l(dnaninf.o)
    0x08003894   0x08003894   0x0000000c   Code   RO         1503    x$fpl$dretinf       fz_ws.l(dretinf.o)
    0x080038a0   0x080038a0   0x00000056   Code   RO         1482    x$fpl$f2d           fz_ws.l(f2d.o)
    0x080038f6   0x080038f6   0x00000002   PAD
    0x080038f8   0x080038f8   0x000000c4   Code   RO         1484    x$fpl$fadd          fz_ws.l(faddsub_clz.o)
    0x080039bc   0x080039bc   0x00000054   Code   RO         1460    x$fpl$fcmp          fz_ws.l(dcmp.o)
    0x08003a10   0x08003a10   0x00000184   Code   RO         1491    x$fpl$fdiv          fz_ws.l(fdiv.o)
    0x08003b94   0x08003b94   0x0000008c   Code   RO         1505    x$fpl$fnaninf       fz_ws.l(fnaninf.o)
    0x08003c20   0x08003c20   0x0000000a   Code   RO         1507    x$fpl$fretinf       fz_ws.l(fretinf.o)
    0x08003c2a   0x08003c2a   0x00000002   PAD
    0x08003c2c   0x08003c2c   0x000000ea   Code   RO         1486    x$fpl$fsub          fz_ws.l(faddsub_clz.o)
    0x08003d16   0x08003d16   0x00000000   Code   RO         1509    x$fpl$usenofp       fz_ws.l(usenofp.o)
    0x08003d16   0x08003d16   0x00000010   Data   RO         1300    .rodata.AHBPrescTable  system_stm32f1xx.o
    0x08003d26   0x08003d26   0x00000008   Data   RO         1301    .rodata.APBPrescTable  system_stm32f1xx.o
    0x08003d2e   0x08003d2e   0x00000002   PAD
    0x08003d30   0x08003d30   0x00000020   Data   RO          960    .rodata.cst16       stm32f1xx_hal_tim.o
    0x08003d50   0x08003d50   0x00000020   Data   RO         1673    Region$$Table       anon$$obj.o


    Execution Region RW_IRAM1 (Exec base: 0x20000000, Load base: 0x08003d70, Size: 0x00000890, Max: 0x00005000, ABSOLUTE)

    Exec Addr    Load Addr    Size         Type   Attr      Idx    E Section Name        Object

    0x20000000   0x08003d70   0x00000008   Data   RW          294    .data..L_MergedGlobals  stm32f1xx_hal.o
    0x20000008   0x08003d78   0x00000004   Data   RW         1299    .data.SystemCoreClock  system_stm32f1xx.o
    0x2000000c   0x08003d7c   0x00000001   Data   RW         1361    .data.speed         bts7960_driver.o
    0x2000000d   0x08003d7d   0x00000003   PAD
    0x20000010        -       0x00000060   Zero   RW         1538    .bss                c_w.l(libspace.o)
    0x20000070        -       0x0000006c   Zero   RW           34    .bss..L_MergedGlobals  main.o
    0x200000dc        -       0x00000010   Zero   RW         1338    .bss..L_MergedGlobals  bsp_step.o
    0x200000ec        -       0x00000008   Zero   RW         1411    .bss..L_MergedGlobals  sensor.o
    0x200000f4        -       0x00000078   Zero   RW           35    .bss..L_MergedGlobals.3  main.o
    0x2000016c        -       0x00000044   Zero   RW           32    .bss.hdma_usart1_rx  main.o
    0x200001b0        -       0x00000048   Zero   RW           30    .bss.htim1          main.o
    0x200001f8        -       0x00000048   Zero   RW           29    .bss.htim3          main.o
    0x20000240        -       0x00000048   Zero   RW           31    .bss.huart3         main.o
    0x20000288        -       0x00000004   Zero   RW          293    .bss.uwTick         stm32f1xx_hal.o
    0x2000028c   0x08003d7d   0x00000004   PAD
    0x20000290        -       0x00000200   Zero   RW            2    HEAP                startup_stm32f103xb.o
    0x20000490        -       0x00000400   Zero   RW            1    STACK               startup_stm32f103xb.o


==============================================================================

Image component sizes


      Code (inc. data)   RO Data    RW Data    ZI Data      Debug   Object Name

       734         60          0          0         16       7634   bsp_step.o
        32          8          0          0          0       6047   bsp_uart.o
       156         24          0          1          0       4589   bts7960_driver.o
       230         12          0          0          0       2744   led5050.o
      2130        100          0          0        512      13343   main.o
       346         32          0          0          8       3161   sensor.o
        64         26        236          0       1536        848   startup_stm32f103xb.o
       156         12          0          8          4       5945   stm32f1xx_hal.o
      1318         56          0          0          0      11345   stm32f1xx_hal_adc.o
       194         24          0          0          0       8408   stm32f1xx_hal_cortex.o
       612         32          0          0          0       7622   stm32f1xx_hal_dma.o
       452         52          0          0          0       4627   stm32f1xx_hal_gpio.o
       646         52          0          0          0       9689   stm32f1xx_hal_msp.o
      1258         72          0          0          0       7459   stm32f1xx_hal_rcc.o
       412         32          0          0          0       3596   stm32f1xx_hal_rcc_ex.o
      1414         44         32          0          0      46914   stm32f1xx_hal_tim.o
       166          0          0          0          0      19844   stm32f1xx_hal_tim_ex.o
      1548         12          0          0          0      25156   stm32f1xx_hal_uart.o
        56         12          0          0          0       5756   stm32f1xx_it.o
         2          0         24          4          0       1650   system_stm32f1xx.o

    ----------------------------------------------------------------------
     11950        662        326         16       2080     196377   Object Totals
         0          0         32          0          0          0   (incl. Generated)
        24          0          2          3          4          0   (incl. Padding)

    ----------------------------------------------------------------------

      Code (inc. data)   RO Data    RW Data    ZI Data      Debug   Library Member Name

         8          0          0          0          0         68   __main.o
         0          0          0          0          0          0   __rtentry.o
        12          0          0          0          0          0   __rtentry2.o
         6          0          0          0          0          0   __rtentry4.o
        52          8          0          0          0          0   __scatter.o
        26          0          0          0          0          0   __scatter_copy.o
        28          0          0          0          0          0   __scatter_zi.o
        18          0          0          0          0         80   exit.o
         6          0          0          0          0        152   heapauxi.o
         0          0          0          0          0          0   indicate_semi.o
         2          0          0          0          0          0   libinit.o
         2          0          0          0          0          0   libinit2.o
         2          0          0          0          0          0   libshutdown.o
         2          0          0          0          0          0   libshutdown2.o
         8          4          0          0         96         68   libspace.o
        78          0          0          0          0         80   rt_memclr_w.o
         2          0          0          0          0          0   rtexit.o
        10          0          0          0          0          0   rtexit2.o
        12          4          0          0          0         68   sys_exit.o
        74          0          0          0          0         80   sys_stackheap_outer.o
         2          0          0          0          0         68   use_no_semi.o
        98          4          0          0          0         92   d2f.o
        84          0          0          0          0        196   dcmp.o
        24          0          0          0          0         68   dcmpi.o
       692        140          0          0          0        216   ddiv.o
       120          4          0          0          0         92   deqf.o
        94          4          0          0          0         92   dfix.o
        90          4          0          0          0         92   dfixu.o
        84          0          0          0          0        136   dflt_clz.o
       120          4          0          0          0         92   dgeqf.o
       120          4          0          0          0         92   dleqf.o
       340         12          0          0          0        104   dmul.o
       156          4          0          0          0         92   dnaninf.o
        12          0          0          0          0         68   dretinf.o
        86          4          0          0          0         84   f2d.o
       430          8          0          0          0        168   faddsub_clz.o
       388         76          0          0          0         96   fdiv.o
       140          4          0          0          0         84   fnaninf.o
        10          0          0          0          0         68   fretinf.o
         0          0          0          0          0          0   usenofp.o

    ----------------------------------------------------------------------
      3452        288          0          0         96       2596   Library Totals
        14          0          0          0          0          0   (incl. Padding)

    ----------------------------------------------------------------------

      Code (inc. data)   RO Data    RW Data    ZI Data      Debug   Library Name

       350         16          0          0         96        664   c_w.l
      3088        272          0          0          0       1932   fz_ws.l

    ----------------------------------------------------------------------
      3452        288          0          0         96       2596   Library Totals

    ----------------------------------------------------------------------

==============================================================================


      Code (inc. data)   RO Data    RW Data    ZI Data      Debug   

     15402        950        326         16       2176     197413   Grand Totals
     15402        950        326         16       2176     197413   ELF Image Totals
     15402        950        326         16          0          0   ROM Totals

==============================================================================

    Total RO  Size (Code + RO Data)                15728 (  15.36kB)
    Total RW  Size (RW Data + ZI Data)              2192 (   2.14kB)
    Total ROM Size (Code + RO Data + RW Data)      15744 (  15.38kB)

==============================================================================

